type octile
height 256
width 256
map
.........................................................................................................@@@@................@@@@@@@@..................................................................@@@@@@@@@@@@@@@@@@@@@@@@@@@@@@@@@@@@@@@@@@...............
.....................................................................................................@@@@@@@@..........................................................................................@@@@@@@@@@@@@@@@@@@@@@@@@@@@@@@@@@@@@@@@@................
.....................................................................................................@@@@@@@@.................................................................................@@.......@@@@@@@@@@@@@@@@@@@@@@@@@@@@@@@@@@@@@@@@@................
........................................................................................@@@@.........@@@@@@@@...............................................................................@@@@......@@@@@@@@@@@@@@@@@@@@@@@@@@@@@@@@@@@@@@@@@@@...............
.....................................................................................@@@@@@@..........@@@@@@@@@..............................................................................@@@..@@@@@@@@@@@@@@@@@@@@@@@@@@@@@@@@@@@@@@@@@@@@@@@...............
.....................................................................................@@@@@@@..........@@@@@@@@@.............................................................................@@@@@@@@@@@@@@@@@@@@@@@@@@@@@@@@@@@@@@@@@@@@@@@@@@@@@@..............
.....................................................................................@@@@@@@@.........@@@@@@@@@..................@@@......................................................@@@@@@@@@.....@@@@@@@@@@@@@@@@@@@@@@@@@@@@@@@@@@@@@@@@@@..............
......................................................................................@@@@@@@...........@@@@@@@@..............@@@@@@@.....................................................@@@@@@........@@@@@@@@@@@@@@@@@@@@@@@@@@@@@@@@@@@@@@@@@@..............
......................................................................................@@@@@@@...........@@@@@@@@..............@@@@@@@@@...................................................@@@@@@........@@@@@@@@@@@@@@@@@@@@@@@@@@@@@@@@@@@@@@@@@@..............
.....................................................................................@@@@@@@.............@@@@@@@..............@@@@@@@@@....................................................@@@@@@.......@@@@@@@@@@@@@@@@@@@@@@@@@@@@@@@@@@@@@@@@@@@.............
...............................@@@@.................................................@@@@@@@@.............@@@@@@@...............@@@@@@@@....................................................@@@@@@.......@@@@@@@@@@@@@@@@@@@@@@@@@@@@@@@@@@@@@@@@@@@.............
............................@@@@@@@.................................................@@@@@@@@.............@@@@@@@...............@@@@@@@@....................................................@@@@@@......@@@@@@@@@@@@@@@@@@@@@@@@@@@@@@@@@@@@@@@@@@@@.............
............................@@@@@@@@................................................@@@@@@@@@............@@@@@@@@...............@@@@@@@....................................................@@@.........@@@@@@@@@@@@@@@@@@@@@@@@@@@@@@@@@@@@@@@@@@@@.............
................@@@@........@@@@@@@@.................................................@@@@@@@@............@@@@@@@@................@@@@@@@..............................................................@@@@@@@@@@@@@@@@@@@@@@@@@@@@@@@@@@@@@@@@@@@@@@............
@............@@@@@@@.........@@@@@@@.................................................@@@@@@@@.............@@@@@@@................@@@@@@@..............................................................@@@@@@@@@@@@@@@@@@@@@@@@@@@@@@@@@@@@@@@@@@@@@@............
@............@@@@@@@.........@@@@@@@@@...............................................@@@@@@@@.............@@@@@@@................@@@@@@@@............................................................@@@@@@@@@@@@@@@@@@@@@@@@@@@@@@@@@@@@@@@@@@@@@@.............
@@...........@@@@@@@@........@@@@@@@@@...............................................@@@@@@@@.............@@@@@@@@...............@@@@@@@@............................................................@@@@@@@@@@@@@@@@@@@@@@@@@@@@@@@@@@@@@@@@@@@@@@.............
@@............@@@@@@@..........@@@@@@@...............................................@@@@@@@@.............@@@@@@@@................@@@@@@@............................................................@@@@@@@@@@@@@@@@@@@@@@@@@@@@@@@@@@@@@@@@@@@@@..............
@@............@@@@@@@..........@@@@@@@@...............................................@@@@@@@@.............@@@@@@@...............@@@@@@@@............................................................@@@@@@@@@@@@@@@@@@@@@@@@@@@@@@@@@@@@@@@@@@@@...............
@@@@.........@@@@@@@............@@@@@@@...............................................@@@@@@@@.............@@@@@@@...............@@@@@@@..............................................................@@@@@@@@@@@@@@@@@@@@@@@@@@@@@@@@@@@@@@@@@@................
@@@@........@@@@@@@@............@@@@@@@......................@@@@........@@@..........@@@@@@@@.............@@@@@@@...............@@@@@@@@.............................................................@@@@@@@@@@@@@@@@@@@@@@@@@@@@@@@@@@@@@@@@@@................
@@@@........@@@@@@@@............@@@@@@@.....................@@@@@@.@@@@@@@@@..........@@@@@@@@.............@@@@@@@@...............@@@@@@...............................................................@@@@@@@@@@@@@@@@@@@@@@@@@..@@@@@@@@@@@@@.................
@@@@@.......@@@@@@@@@...........@@@@@@@.....................@@@@@@@@@@@@@@@@@..........@@@@@@@.............@@@@@@@@...............@@@@@@@............................................................@@@@@@@@@@@@@@@..@@@@@@........@@@@@@@@....................
@@@@@........@@@@@@@@...........@@@@@@@....................@@@@@@@@@@@@@@@@@@..........@@@@@@@..............@@@@@@@...............@@@@@@@@...........................................................@@@@@@@@@@@@@@@..@@...........@@@@@........................
@@@@@........@@@@@@@@...........@@@@@@@@.............@@@@@@@@@@@@@@@@@@@@@@@@..........@@@@@@@@.............@@@@@@@...............@@@@@@@@@.........................................................@@@@@@@@@@@@@@@.................@@..........................
@@@@@........@@@@@@@@............@@@@@@@..........@@@@@@@@@@@@@@@@@@@@@@@@@@@..........@@@@@@@@.............@@@@@@@................@@@@@@@..........................................................@@@@@@@@@@@@................................................
@@@@@........@@@@@@@@............@@@@@@@..........@@@@@@@@@@@@@@@@@@@@@@@@@@@@.........@@@@@@@@.............@@@@@@@@...............@@@@@@@..........................................................@@@@@@@@....................................................
@@@@@@........@@@@@@@............@@@@@@@..........@@@@@@@@@@@@@@@@@@@@@@@@@@@@..........@@@@@@@.............@@@@@@@@................@@@@@@@.........................................................@@@@@@@.....................................................
@@@@@@........@@@@@@@@...........@@@@@@@..........@@@@@@@@@@@@@@@@@@@@@@@@@@............@@@@@@@..............@@@@@@@................@@@@@@@..........................................................@@@@@......................................................
@@@@@@........@@@@@@@@...........@@@@@@@@..........@@@@@@@@@@@@@@@@..@@.................@@@@@@@..............@@@@@@@...............@@@@@@@.............................................................@........................................................
@@@@@@........@@@@@@@@............@@@@@@@..........@@@@@@@@@@@..........................@@@@@@@@.............@@@@@@@...............@@@@@@@@.....................................................................................................................
@@@@@@........@@@@@@@@............@@@@@@@..........@@@@@@@@@............................@@@@@@@@.............@@@@@@@@..............@@@@@@@@.....................................................................................................................
@@@@@@@........@@@@@@@............@@@@@@@..........@@@...................................@@@@@@@.............@@@@@@@@...............@@@@@@@.....................................................................................................................
@@@@@@@........@@@@@@@............@@@@@@@................................................@@@@@@@..............@@@@@@@..............@@@@@@@@@....................................................................................................................
@@@@@@@........@@@@@@@@...........@@@@@@@................................................@@@@@@@@.............@@@@@@@..............@@@@@@@@.....................................................................................................................
@@@@@@@........@@@@@@@@...........@@@@@@@@..................................@@@..........@@@@@@@@.............@@@@@@@..............@@@@@@@@....................................................................................................................@
@@@@@@@........@@@@@@@@............@@@@@@@..............................@@@@@@@..........@@@@@@@@.............@@@@@@@...............@@@@@@................................................................................................................@@@@@@
@@@@@@@.........@@@@@@@............@@@@@@@..........................@@@@@@@@@@@@..........@@@@@@@.............@@@@@@@@..............@@@.....................@@@@.....................................................................................@@@@@@@@@@@
@@@@@@@@........@@@@@@@............@@@@........................@@@@@@@@@@@@@@@@@..........@@@@@@@@.............@@@@@@@.................................@..@@@@@@@@@...............................................................................@@@@@@@@@@@@@@
.@@@@@@@........@@@@@@@..................................@@@@@@@@@@@@@@@@@@@@@@@..........@@@@@@@@.............@@@@@@@..............................@@@@@@@@@@@@@@@...............................................................................@@@@@@@@@@@@@.
.@@@@@@@........@@@@@@@@.............................@@@@@@@@@@@@@@@@@@@@@@@@@@@..........@@@@@@@@.............@@@@@@@............................@@@@@@@@@@@@@@@@@...............................................................................@@@@@@@@......
.@@@@@@@.........@@@@@@@.............................@@@@@@@@@@@@@@@@@@@@@@@@@@@@.........@@@@@@@@.............@@@@@@@...........................@@@@@@@@@@@@@@@@@@@.......................................................................@@@....@@@...........
.@@@@@@@.........@@@@@@@.............................@@@@@@@@@@@@@@@@@@@@@@@@@@@@..........@@@@@@@@............@@@@@@@@......................@@@@@@@@@@@@@@@@@@@@@@@....................................................................@@@@@@..................
.@@@@@@@@........@@@@@@@..............................@@@@@@@@@@@@@@@@@@@@@@@@@@...........@@@@@@@@.............@@@@@@@......................@@@@@@@@@@@@@@@@@@@@@@@....................................................................@@@@@@..................
..@@@@@@@........@@@@@@@..............................@@@@@@@@@@@@@@@@@@@@@@@@@@@..........@@@@@@@@.............@@@@@@@....................@@@@@@@@@@@@@@@@@@@@@@@.......................................................................@@@@@..................
..@@@@@@@........@@@@@@@@.............................@@@@@@@@@@@@@@@@@@@@@@@@@@@..........@@@@@@@@...........@@@@@@@@.....................@@@@@@@@@@@@@@@@@.@@................................................................@@@.......@@@@@..................
..@@@@@@@........@@@@@@@@.............................@@@@@@@@@@@@@@@@@@@@@@@@@@@@.........@@@@@@@@@..........@@@@@@@@.................@@@.@@@@@@@@@@@.@@@................................................................@@@@@@@@.......@@@@@@.................
..@@@@@@@........@@@@@@@@..............................@@@@@@@@@@@@@@@@@@@@@@@@@@@..........@@@@@@@@@.........@@@@@@@@..............@@@@@@@T@@@@@@@@@................................................................@@@@@@@@@@@@@.......@@@@@@...............@@
..@@@@@@@@........@@@@@@@..................@@..........@@@@@@@@@@@@@@@.@@@@@@@@.............@@@@@@@@@.........@@@@@@@@@.............@@@@@@@@@@@@@@@..............................................................@@@@@@@@@@@@@@@@@@......@@@@@@...........@@@@@@
...@@@@@@@........@@@@@@@..............@@@@@@..........@@@@@@@@@@@.....@@@..................@@@@@@@@@..........@@@@@@@@..............@@@@@@@@@@@@...........................................................@@@@@@@@@@@@@@@@@@@@@@@.......@@@@@......@@@@@@@@@@@
...@@@@@@@........@@@@@@@@...........@@@@@@@@..........@@@@@@@@@@@............................@@@@@@@@.........@@@@@@................@@@@@@@@..........................................................@@@@@@@@@@@@@@@@@@@@@@@@@@@@.......@@@@@@@@@@@@@@@@@@@@@@
...@@@@@@@........@@@@@@@@...........@@@@@@@@@.........@@@@@@@@...............................@@@@@@@@.........@@.....................@@@@@@@@............................@@@......................@@@@@@@@@@@@@@@@@@@@@@@@@@@@@..........@@@@@@@@@@@@@@@@@@@@@@
...@@@@@@@........@@@@@@@@............@@@@@@@@.........@@@....................................@@@@@@@@...............................@@@@@@@@@.........................@@@@@@.................@@@@@@@@@@@@@@@@@@@@@@@@@@@@................@@@@@@@@@@@@@@@@@@@@@@
...@@@@@@@@........@@@@@@@............@@@@@@@@.................................................@@@@@@@...............................@@@@@@@...........................@@@@@@.............@@@@@@@@@@@@@@@@@@@@@@@@@@......................@@@@@@@@@@@@@@@@@@@...
....@@@@@@@........@@@@@@@............@@@@@@@@.................................................@@@@..................................@@@@@@@................@@@.........@@@@@@.........@@@@@@@@@@@@@@@@@@@@@@@.............................@@@@@@@@@@@@@........
....@@@@@@@........@@@@@@@@...........@@@@@@@@.......................................................................................@@@@@@..............@@@@@@.........@@@@@@.........@@@@@@@@@@@@@@@@@...................................@@@@@@@@.............
....@@@@@@@........@@@@@@@@............@@@@@@@.......................................................................................@@@@@@..............@@@@@@@........@@@@@@.........@@@@@@@@@@@@@.......................................@@@..................
....@@@@@@@.........@@@@@@@............@@@@@@@@......................................................................................@@@@@@..............@@@@@@@........@@@@@@..........@@@@@@@.................................................................
....@@@@@@@.........@@@@@@@............@@@@@@@@......................................................................................@@@@@@@..............@@@@@@.........@@@@@..........@@@.....................................................................
....@@@@@@@@........@@@@@@@.............@@@@@@@.......................................................................................@@@@@@..............@@@@@@.........@@@@@..................................................................................
.....@@@@@@@........@@@@@@@@..........@@@@@@@.........................................................................................@@@@@@..............@@@@@@@........@@@@@@.................................................................................
.....@@@@@@@........@@@@@@@@..........@@@@@@@...............................................................@@@@@@....................@@@@@@..............@@@@@@@........@@@@@@.................................................................................
.....@@@@@@@.........@@@@@@@@@........@@@@@@@@..........................................................@@@@@@@@@@.......@@@..........@@@@@@..............@@@@@@@........@@@@@@.................................................................................
.....@@@@@@@.........@@@@@@@@@.........@@@@@@@.....................................................@@@@@@@@@@@@@@@....@@@@@@..........@@@@@@@.............@@@@@@@.........@@@@@.................................................................................
.....@@@@@@@@........@@@@@@@@@.........@@@@@@@...............................................@@@@@@@@@@@@@@@@@@@......@@@@@@...........@@@@@@..............@@@@@@.........@@@@@.................................................................................
......@@@@@@@..........@@@@@@@@........@@@@..............................................@@@@@@@@@@@@@@@@@@@@@.........@@@@@@..........@@@@@@..............@@@@@@@........@@@@@......................................................................@@@@@......
......@@@@@@@..........@@@@@@@@....................................................@@@@@@@@@@@@@@@@@@@@@@@@@@@........@@@@@@@..........@@@@@@..............@@@@@@@........@@@@@@...............................................................@@@@@@@@@@@@@....
....@@@@@@@@............@@@@@@@...............................................@@@@@@@@@@@@@@@@.@@@@@...@@@@@@@@.......@@@@@@@..........@@@@@@@.............@@@@@@@........@@@@@@.........................................................@@@@@@@@@@@@@@@@@@@@...
....@@@@@@@@............@@@@.................................................@@@@@@@@@@@@@@@@..........@@@@@@@@.......@@@@@@@...........@@@@@@.............@@@@@@@........@@@@@@....................................................@@@@@@@@@@@@@@@@@@@@@@@@@@..
....@@@@@@@@...........................................................@@@...@@@@@@@@@..@@@@@...........@@@@@@@........@@@@@@...........@@@@@@.............@@@@@@@........@@@...................................................@@@@@@@@@@@@@@@@@@@@@@@@@@@@@@@@
.....@@@@@@@...........................................................@@@...@@@@@@@.................@@@@@@@@@@...@....@@@@@@@..........@@@@@@..............@@@@@@........................................................@@@@@@@@@@@@@@@@@@@@@@@@@@@@@@@@@@@@@@
.....@@@@@@@...........................................................@@@...@@@@@@@..............@@@@@@@@@@@@@@@@@...@@@@@@@@..........@@@@@@..............@@@@@@...................................................@@@@@@@@@@@@@@@@@@@@@@@@@@@@..@@@..@@@@@@@@
.....@@@@..............................................................@@@@...@@@@@@...@@.........@@@@@@@@@@@@@@@@@@..@@@@@@@@..........@@@@@@@.............@@@..................................................@@@@@@@@@@@@@@@@@@@@@@@@@@@..............@@@@@@
........................................................................@@@...@@@@@@..@@@.........@@@@@@@@@@@@@@@@@@@@@@@@@@@@...........@@@@@@.............................................................@@@@@@@@@@@@@@@@@@@@@@@@@@...................@@@@@@@
........................................................................@@@...@@@@@@@.@@@@........@@@@@@@@@@@@@@@@@@@@@@@@@@@@...........@@@@@@.........................................................@@@@@@@@@@@@@@@@@@@@@@@@@@.......................@@@@@@.
.......................................@@.............................@@@@@...@@@@@@@.@@@@.........@@@@@@@@@@@@@@@@@@@@@@@@@@@@..........@@@..........................................................@@@@@@@@@@@@@@@@@@@@@............................@@@@@@@@.
....................................@@@@@.....@@@@..................@@@@@@@@..@@@@@@@..@@@@@.......@@@@@@@@@@@@@@@@@@@@@@@@@@@@.......................................................................@@@@@@@@@@@@@@@@@...............................@@@@@@@@..
................................@@@@@@@@@..@@@@@@@..................@@@@@@@@...@@@@@@..@@@@@.......@@@@@@@@@@@@@@@@@@@@@@@@@@@@.........................................................@@@@@..........@@@@@@@@@@@...................................@@@@@@@@...
...........................@@@@@@@@@@@@@@..@@@@@@@...........@@@@@..@@@@@@@@...@@@@@@..@@@@@@......@@@@@@@@@@@@@@@@@@@@@@@@@@@@.....................................................@@@@@@@@@..........@@@@@@@........................................@@@@@@@...
......................@@@@@@@@@@@@@@@@@@@@.@@@@@@@......@@@@@@@@@@...@@@@@@@...@@@@@@..@@@@@@......@@@@@@@@@@@@@@@@@@@@@@@@@..................................................@@@@@@@@@@@@@@@........................................................@@@@@@@....
...................@@@@@@@@@@@@@@@@@@@@@@@..@@@@@@@.....@@@@@@@@@@@..@@@@@@@@..@@@@@@@..@@@@@@......@@@@@@@@@@@@@@@@@@@................................................@@@@@@@@@@@@@@@@@@@@@@@....................................................@@.@@@@@@.....
...................@@@@@@@@@@@@@@@@@@@@@@@..@@.@@@@.....@@@@@@@@@@@..@@@@@@@@...@@@@@@..@@@@@@......@@@@@@@@@@@@@@..................................................@@@@@@@@@@@@@@@@@@@@@@@@@@....................................................@@@@@@@@@.....
....................@@@@@@@@@@@@@@@@@@@@@@.....@@@@.....@@@@@@@@@@@..@@@@@@@@...@@@@@@..@@@@@@@@....@@@@..@@@.......................................................@@@@@@@@@@@@@@@@@@@@@@@@@@....................................................@@@@@@@@......
....................@@@@@@@@@@@@@@@@@@@@@@..............@@@@@@@@@@@..@@@@@@@@...@@......@@@@@@@@.........................................................@@@@@@......@@@@@@@@@@@@@@@@@@@@@@........................................................@@@@@@.......
....................@@@@@@@@@@@@@....@@@@@...............@@@@@@@@@@@..@@@@@@@@...........@@@@@@@@....................................................@@@@@@@@@@@....@@@@@@@@@@@@@@@@@.............................................................@@@@@@@.......
.....................@@@@@@..........@@@@@...............@@@@@@@@@@@..@@@@@@@@...........@@@@@@@@................................................@@@@@@@@@@@@@@@.@@@@@@@@@@@@@@@....................................@@...........................@@@@@@@........
.....................@@@@............@@@@@@..............@@@@@@@@.....@@@..@@@...........@@@@@@@@@.............................................@@@@@@@@@@@@@@@...@@@@@@@@@...........................@@@@.........@@@@@@@........................@@@@@@.........
.....................@@@@.............@@@@@..............@@@.............................@@@@@@@@@............................................@@@@@@@@@@@@@@@....@@@@@@@.......................@@@@@@@@@@@.......@@@@@@@@.......................@@@@@@@.........
.......@@..@@@@......@@@@@............@@@@@...............................................@@@@@..............................................@@@@@@@@@@@@@@@@.....@@@@@@.....................@@@@@@@@@@@@@..@@@@@@@@@@@@@@.....................@@@@@@@..........
.....@@@@@@@@@@@......@@@@............@@@@@...............................................@@...............................@@@...............@@@@@@@@@@@@@@@......@@@@@@@....................@@@@@@@@@@@@@@@@@@@@@@@@@@@@@...................@@@@@@@@...........
...@@@@@@@@@@@@@......@@@@............@@@@@@...@@@.....................................................................@@@@@@@...............@@@@@@@@@@@..........@@@@@@@.....................@@@@@@@@@@@@@@@@@@@@@@@@@@@@..................@@@@@@@@@...........
...@@@@@@@@@@@........@@@@............@@@@@@...@@@..................................................................@@@@@@@@@@................@@@@@@..............@@@@@@@....................@@@@@@@@@@@@@@@@@@@@@@@@@@......................@@@@@@@............
...@@@@@@@.......................@@@...@@@@@..@@@@@.................................................................@@@@@@@@@@@...............@@@@@@..............@@@@@@@..................@@@@@@@@@@@@@@@@@@@@@@@..........................@@@@@@@.............
...@@@.......@@@.............@@@@@@@@..@@@@@..@@@@@.....................................................@@@@........@@@@@@@@@@@...............@@@@@@@..............@@@@@@..................@@@@@@@@@@@....@@@..........@@@..................@@@@@@@.............
........@@@@@@@@.............@@@@@@@@..@@@@@..@@@@@@................................................@@@@@@@@.........@@@@@@@@@@@@@............@@@@@@@..............@@@@@@@..................@@@@@@................@@@@@@@@................@@@@@@@@..............
....@@@@@@@@@@@@...........@@@@@@@@@@..@@@@@@..@@@@@................................................@@@@@@@@..........@@@@@@@@@@@@............@@@@@@@..............@@@@@@@.................@@@@@@@...........@@@@@@@@@@@@@...............@@@@@@@@@..............
@@@@@@@@@@@@@@@@@..........@@@@@@@@@@@..@@@@@..@@@..................................................@@@@@@@@@.........@@.@@.@@@@@@@............@@@@@@..............@@@@@@@.................@@@@@@@@.......@@@@@@@@@@@@@@@@.............@@@@@@@@@@.............@@
@@@@@@@@@@...@@@@..........@@@@@@@@@@@..@@@@@........................................@@@@............@@@@@@@@...............@@@@@@@............@@@@@@..............@@@@@@@..................@@@@@@@.......@@@@@@@@@@@@@................@@@@@@@@@..............@@
@@@@.........@@@@...........@@@@@@@@@@..@@@.......................................@@@@@@@............@@@@@@@@................@@@@@@............@@@@@@@.............@@@@@@@..................@@@@@@@.......@@@@@@@@....................@@@@@@@@@@..............@@
@@............@@@...........@@@@@@@...............................................@@@@@@@..........@@@@@@@@..................@@@@@@............@@@@@@@..............@@@@@@@.................@@@@@@@.......@@@......................@@@@@@@@@@@@...............@@
@@............@@............@@@...................................................@@@@@@@@.......@@@@@@@....................@@@@@@@............@@@@@@@..............@@@@@@@.................@@@@@@@...............................@@@@@@@@@@@@................@@
@@@.@@............................................................@@@@.............@@@@@@@.......@@@@@@@....................@@@@@@@@............@@@@@@..............@@@@@@@..................@@@@@@@.............................@@@@@@@@@@@@@................@@
@@@@@@.........................................................@@@@@@@............@@@@@@@@........@@@@@@@...................@@@@@@@@............@@@@@@..............@@@@@@@..................@@@@@@@..........................@@@@@@@@@@@@@@@.................@@
@@@@@@@........................................................@@@@@@@............@@@@@@@@........@@@@@@@....................@@@@@@@............@@@@@@@.............@@@@@@@..................@@@@@@@........................@@@@@@@@@@@@@@@@....................
@@@@@@@........................................................@@@@@@@@...........@@@@@@@@.........@@@@@@....................@@@@@@@............@@@@@@@..............@@@@@@..................@@@@@@@..................@@@@@@@@@@@@@@@@@@@@......................
@@@@@@@...........................................@@@@@.........@@@@@@@............@@@@@@@@.......@@@@@@@....................@@@@@@@............@@@@@@@..............@@@@@@@.................@@@@@@@.............@@@@@@@@@@@@@@@@@@@@@@@........................
@@@@.........................................@@@@@@@@@@@........@@@@@@@............@@@@@@@@.......@@@@@@@....................@@@@@@@@...........@@@@@@@..............@@@@@@@..................@@@@@@@...@@@@@@@@@@@@@@@@@@@@@@@@@@@@@@..........................
...........................................@@@@@@@@@@@@@........@@@@@@@............@@@@@@@@.......@@@@@@@@...................@@@@@@@@............@@@@@@..............@@@@@@@..................@@@@@@@@@@@@@@@@@@@@@@@@@@@@@@@@@@@@@@............................
...........................................@@@@@@@@@@@..........@@@@@@@............@@@@@@@@........@@@@@@@....................@@@@@@@............@@@@@@...............@@@@@@..................@@@@@@@@@@@@@@@@@@@@@@@@@@@@@@@@@@................................
...........................................@@@@@@@@@@...........@@@@@@@@...........@@@@@@@@........@@@@@@@....................@@@@@@@............@@@@@@@..............@@@@@@..................@@@@@@@@@@@@@@@@@@@@@@@@@@@@......................................
....................@@@....................@@@@@@@@@@............@@@@@@@............@@@@@@@........@@@@@@@....................@@@@@@@............@@@@@@@..............@@@@@@@.................@@@@@@@@@@@@@@@@@@@@@@@...........................................
.................@@@@@@.....................@@@@@@@@@............@@@@@@@............@@@@@@@@.......@@@@@@@....................@@@@@@@@...........@@@@@@@..............@@@@@@@..................@@@@@@@@@@@@@@@@.................................................
...............@@@@@@@@@....................@@@@@@@@@@...........@@@@@@@............@@@@@@@@.......@@@@@@@@....................@@@@@@@............@@@@@@...............@@@@@@..................@@@@@@@@@@@@.................................................@@..
..........@@@@@@@@@@@@@@....................@@@@@@@@@@...........@@@@@@@............@@@@@@@@........@@@@@@@....................@@@@@@@............@@@@@@...............@@@@@@...................@@@@@@@...............................................@@@@@@@@@@
......@@@@@@@@@@@@@@@@@@....................@@@@@@@@.............@@@@@@@@...........@@@@@@@@........@@@@@@@....................@@@@@@@............@@@@@@@..............@@@@@@...................@@@................................................@@@@@@@@@@@@@
..@@@@@@@@@@@@@@@@@@@@@@....................@@@@@@................@@@@@@@............@@@@@@@........@@@@@@@....................@@@@@@@............@@@@@@@..@@@.........@@@@@@@.....................................................................@@@@@@@@@@@@@
@@@@@@@@@@@@@@@@@@@@@@@@@.@@@@@..............@@@@.................@@@@@@@............@@@@@@@@.......@@@@@@@@...................@@@@@@@@...........@@@@@@@@@@@@.........@@@@@@@......................................................................@@@@@@@@@@@@
@@@@@@@@@@@@@@@@@@@@T@@@@.@@@@@..............@@...................@@@@@@@............@@@@@@@@.......@@@@@@@@....................@@@@@@@............@@@@@@@@@@@.........@@@@@@@.....................................................................@@@@@@@@@@@@@
@@@@@@@@@@@@@@@@@@.@@@@...@@@@@@.......................@@@........@@@@@@@@...........@@@@@@@@........@@@@@@@....................@@@@@@@............@@@@@@@@@@@@........@@@.........................................................................@@@@@@@@@@@@@
@@@@@@@@@@@@@@.....@@@.....@@@@@@@..................@@@@@@........@@@@@@@@...........@@@@@@@@........@@@@@@@....................@@@@@@@............@@.@@@@@@@@@.........................................................@@@@.......................@@@@@@@@@@@@@
@@@@@@@@@@..........@@.....@@@@@@@..................@@@@@@@.......@@@@@@@@............@@@@@@@........@@@@@@@....................@@@@@@@...............@@@@@@@@@......................................................@@@@@@@@........................@@@@@@@@@..
@@@@@...............@@@.......@@@@..................@@@@@@@........@@@@@@@............@@@@@@@@.......@@@@@@@@...................@@@@@@@@...............@@@@@@................................................@@@@@...@@@@@@@@........................@@@........
....................@@@......@@@@@@.................@@@@@@@........@@@@@@@............@@@@@@@@.......@@@@@@@@....................@@@@@@@...............@@................................................@@@@@@@@@....@@@@@@@@..................................
....................@@@..@@@@@@@@@@.................@@@@@@@........@@@@@@@@...........@@@@@@@@........@@@@@@@....................@@@@@@@............................................................@@@@@@@@@@@@@@@...@@@@@@@@..................................
....................@@@@@@@@@@@@@@@..................@@@@@@@.......@@@@@@@@............@@@@@@@........@@@@@@@....................@@@@@@@..........................................................@@@@@@@@@@@@@@@@@....@@@@@@@@.................................
....................@@@@@@@@@@@@.....................@@@@@@@.......@@@@@@@@............@@@@@@@........@@@@@@@....................@@@@@@@.................................................@@@@@....@@@@@@@@@@@@@@@@@....@@@@@@@@.................................
.....................@@@@@@@@@.......................@@@@@@@........@@@@@@@............@@@@@@@@.......@@@@@@@@....................@@@@@@@...............................................@@@@@@....@@@@@@@@@@@@@@@@@@....@@@@@@.............@....................
....................@@@@@@@@@@.......................@@@@@@@........@@@@@@@............@@@@@@@@.......@@@@@@@@....................@@@@@@@......................................@@@@.....@@@@@@@....@@@@@@@@@@@@@@......@@@@@@@.............@@@..................
....................@@@@@@@@@@.......................@@@@@@@........@@@@@@@@...........@@@@@@@@........@@@@@@@....................@@@@@@@...................................@@@@@@@.....@@@@@@@....@@@@@@@@@...........@@@@@@.............@@@@@@................
....................@@@@@@@@@........................@@@@@@@@.......@@@@@@@@............@@@@@@@........@@@@@@@....................@@@@@@@.............................@@@@@@@@@@@@@@....@@@@@@@....@@@................@@@@@@@.............@@@@@@@@..............
......@@............@@@..............................@@@@@@@@.......@@@@@@@@............@@@@@@@........@@@@@@@@...................@@@@@@@........................@@@@@@@@@@@@@@@@@@@.....@@@@@@.......................@@@@@@.............@@@@@@@@...............
..@@@@@@....@@@@.....................................@@@@@@@@........@@@@@@@............@@@@@@@@.......@@@@@@@@....................@@@@@@@.......................@@@@@@@@@@@@@@@@@@@.....@@@@@@@.....................@@@@@@@.............@@@@@@@@...............
@@@@@@@@@...@@@@......................................@@@@@@@........@@@@@@@............@@@@@@@@.......@@@@@@@@....................@@@@@@@..............@@@......@@@@@@@@@@@@@@@@@@@.....@@@@@@@.....................@@@@@@.............@@@@@@@@................
@@@@@@@@@...@@@@......................................@@@@@@@........@@@@@@@@...........@@@@@@@@........@@@@@@@....................@@@@@@@...........@@@@@@......@@@@@@@@@@@@@@@@........@@@@@@.....................@@@@@@@.............@@@@@@@@................
@@@TT@@@@....@@@......................................@@@@@@@........@@@@@@@@............@@@@@@@........@@@@@@@....................@@@@@@@...........@@@@@@.......@@@@@@@@@@..............@@@@@@....................@@@@@..............@@@@@@@@.................
TTTTTT@@@....@@@@...................................@@@@@@@@@@.......@@@@@@@@............@@@@@@@........@@@@@@@@....................@@@@@@...........@@@@@@@......@@@@@...................@@@@@@...................@@@@@@..............@@@@@@@..................
T@@@T@@@@@...@@@@.............................@@@@@@@@@@@@@@@@........@@@@@@.............@@@@@@@........@@@@@@@@....................@@@@@@@...........@@@@@@......@@......................@@@@@@...................@@@@@..............@@@@@@@@..................
@@@@@@@@@@...@@@@.................@@@@.......@@@@@@@@@@@@@@@@@........@@@@@@.............@@@@@@@@.......@@@@@@@@....................@@@@@@@...........@@@@@@...............................@@@@@..................@@@@@@..............@@@@@@@...................
@@@@@@@@@@....@@@.................@@@@@@...@@@@@@@@@@@@@@@@@@@........@@@................@@@@@@@@........@@@@@@@....................@@@@@@@...........@@@@@@...............................@@@@@@.................@@@@@..............@@@@@@@@...................
@@@@@@@.......@@@................@@@@@@@@@@@@@@@@@@@@@@@@@@@@@@...........................@@@@@@@........@@@@@@@.....................@@@@@@...........@@@@@@...............................@@@@@@................@@@@@@.............@@@@@@@@....................
@@............................@@@@@@@@@@@@@@@@@@@@@@@@@@@@@@@@@...........................@@@@@@@........@@@@@@@@....................@@@@@@...........@@@@@@@..............................@@@@@@................@@@@@..............@@@@@@@@....................
.................@@@@@@@..@@@@@@@@@@@@@@@@@@@@@@@@@@@@@@@@@@@@............................@@@@@@@........@@@@@@@@....................@@@@@@@...........@@@@@@..............................@@@@@@...............@@@@@@.............@@@@@@@@.....................
................@@@@@@@@@@@@@@@@@@@@@@@@@@@@@@@@@@@@@@@....................................@@@@@@@........@@@@@@@....................@@@@@@@...........@@@@@@..............................@@@@@@@..............@@@@@..............@@@@@@@......................
.............@@@@@@@@@@@@@@@@@@@@@@@@@@@@@@@@@@@@@@........................................@@@@@@@........@@@@@@@@...................@@@@@@@...........@@@@@@@.....................@@@......@@@@@@.............@@@@@@.............@@@@@@@@......................
...........@@@@@@@@@@@@@@@@@@@@@@@@@@@@@@@@@@@@@............................................@@@@@@........@@@@@@@@....................@@@@@@............@@@@@@..................@@@@@@......@@@@@@.............@@@@@.............@@@@@@@@.......................
....@@..@@@@@@@@@@@@@@@@@@@@@@@@@@@@@@@@@...................................................@@@...........@@@@@@@@....................@@@@@@............@@@@@.............@@@@@@@@@@@@@.....@@@@@@............@@@@@@.............@@@@@@@@.......................
@@@@@@@@@@@@@@@@@@@@@@@@@@@@@@@@@@@.@@@...................................................................@@@@@@@@....................@@@@@@@...........@@@@@@......@@@@@@@@@@@@@@@@@@@.....@@@@@@@..........@@@@@@.............@@@@@@@@........................
@@@@@@@@@@@@@@@@@@@@@@@@@@@@@@@............................................................................@@@@@@@....................@@@@@@@...........@@@@@@@.....@@@@@@@@@@@@@@@@@@@.....@@@@@@@..........@@@@@@.............@@@@@@@@........................
@@@@@@@@@@@@@@@@@@@@@@@@@@@................................................................................@@@@@@@@...................@@@@@@@...........@@@@@@@.....@@@@@@@@@@@@@@@@@@@.....@@@@@@@.........@@@@@@@............@@@@@@@@.........................
@@@@@@@@@@@@@@@@@@@@@......................................................................................@@@@@@@@....................@@@@@@............@@@@@@......@@@@@@@@@@@@@@@.........@@@@@@.........@@@@@@.............@@@@@@@@.........................
@@@@@@@@@@@@@@.............................................................................................@@@@@@@@....................@@@@@@............@@@@@@......@@@@@@@@@@@.............@@@@@@@.......@@@@@@@............@@@@@@@@......................@@@@
@@@@@@@@@..@@..............................................................................................@@@@@@@@....................@@@@@@@...........@@@@@@......@@@@@@@.................@@@@@@@.........@@@@.............@@@@@@@@...................@@@@@@@
@@@@@.......................................................................................................@@@@@@@....................@@@@@@@...........@@@@@@@.....@@@.....................@@@@..............@@............@@@@@@@@..................@@@@@@@@@
@...........................................................................................................@@@@@@@@...................@@@@@@@............@@@@@@.........................................@...................@@@@@@@..............@@@@@@@@@@@@@@
............................................................................................................@@@@@@@@....................@@@@@@............@@@@@@........................................@@@@................@@@@@@@@.........@@@@@@@@@@@@@@@@@@@
.................................@@@@.......................................................................@@@@@@@@....................@@@@@@............@@@@@@........................................@@@@@@...............@@@@@@@@..@@@@@@@@@@@@@@@@@@@@@@@@@
............................@@@@@@@@@.......................................................................@@@@@@@@....................@@@@@@............@@@@@@.......................................@@@@@@@@..............@@@@@@@@@@@@@@@@@@@@@@@@@@@@@@@@@@@
........................@@@@@@@@@@@@@........................................................................@@@@@@@....................@@@@@@@...........@@@@@@...................................@@..@@@@@@@................@@@@@@@@@@@@@@@@@@@@@@@@@@@@@@@@@@
....................@@@@@@@@@@@@@@@@@@.......................................................................@@@@@@@@...................@@@@@@@...........@@@@@@...................................@@@@@@@@@@@................@@@@@@@@@@@@@@@@@@@@@@@@@@@@@@....
................@@@@@@@@@@@@@@@@@@@@@@.......................................................................@@@@@@@@....................@@@@@@............@@@@@..................................@@@@@@@@@@@.................@@@@@@@@@@@@@@@@@@@@@@@@@@........
.........@@@@@@@@@@@@@@@@@@@@@@@@@@@@@.......................................................................@@@@@@@@....................@@@@@@............@@@@@@...................................@@@@@@@@@..................@@@@@@@@@@@@@@@@@@@@@............
.....@@@@@@@@@@@@@@@@@@@@@@@@@@@@@@@@@.......................................................................@@@@@@@@....................@@@@@@............@@@@@@....................................@@@@@@@.....................@@@@@@@@@@@@@@.................
@@@@@@@@@@@@@@@@@@@@@@@@@@@@@@@@@@@@@@........................................................................@@@@@@@....................@@@@@@@..........@@@@@@@...................................@@@@@@@@.....................@@@@@@@@@......................
@@@@@@@@@@@@@@@@@@@@@@@@@@@@@@@@@@@@@@@.......................................................................@@@@@@@....................@@@@@@@..........@@@@@@@..............................@@.@@@@@@@@@.......................@@@...........................
@@@@@@@@@@@@@@@@@@@@@@@@@@@@@@@@@@@@@@@.......................................................................@@@@@@@@....................@@@@@@...........@@@@@@.........................@@@@@@@@@@@@@@@@@.....................................................
@@@@@@@@@@@@@@@@@@@@@@@@@@@@@@@@@@@@@@@.......................................................................@@@@@@@@....................@@@@@@...........@@@@@@.................@@@.@@@@@@@@@@@@@@@@@@@@......................................................
@@@@@@@@@@@@@@@@@@@@@@@@@@@@@@@@@@@@@@@.......................................................................@@@@@@@@....................@@@@@@...........@@@@@@@............@@@@@@@@@@@@@@@@@@@@@@@@@@@@......................................................
@@@@@@@@@@TTTTT@@@@@@@@@@@@@@@@@@@@@@@@........................................................................@@@@@@@....................@@@@@@@..........@@@@@@@...........@@@@@@@@@@@@@@@@@@@@@@@@@@@@.......................................................
@@@@@@TTTTTTTTTT@@@@@@@@@@@@@@@@@@@@@@@@.......................................................................@@@@@@@....................@@@@@@@...........@@@@@@......@@@@@@@@@@@@@@@@@@@@@@@@@@@@@@@@@.......................................................
TTTTTTTTTTTTTTTT@@@@@@@@@@@@@@@@@@@@@@@@.......................................................................@@@@@@@@....................@@@@@@...........@@@@@@..@@@@@@@@@@@@@@@@@@@@@@@@@@@@@@@@@...........................................................
TTTTTTTTTTTTTTTT@@@@@@@@@@@@@@@@@@@@@@@@.......................................................................@@@@@@@@....................@@@@@@...........@@@@@@@@@@@@@@@@@@@@@@@@@@@@@@...@@.................................................................
TTTTTTTTTTTTTTTT@@@@@@@@@@@@@@@@@@@@@@@@.......................................................................@@@@@@@@....................@@@@@@...........@@@@@@@@@@@@@@@@@@@@@@@@@@..........................................................................
TTTTTTTTTTTTTTTT@@@@@@@@@@@@@@@@@@@@@@@@........................................................................@@@@@@@.....................@@@@@@............@@@@@@@@@@@@@@@@@@@@............................................................................@@
TTTTTTTTTTTTTTTTT@@@@@@@@@@@@@@@@@@@@@@@@.......................................................................@@@@@@@.....................@@@@@@............@@@@@@@@@@@@@@@@...........................................................................@@@@@@@
TTTTTTTTTTTTTTTTT@@@@@@@@@@@@@@@@@@@@@@@@.......................................................................@@@@@@@@...................@@@@@@@.............@@@@@@@@@@@@@........................................................................@@@@@@@@@@@@
TTTTTTTTTTT@@TTTT@@@@@@@@@@@@@@@@@@@@@@@@........................................................................@@@@@@@...............@@@@@@@@................@@@@@@@@@....................................................................@@.@@@@@@@@@@@@@@@@@
TTTTTTTTT@@@@TTTT@@@@@@@@@@@@@@@@@@@@@@@@........................................................................@@@@@@@.............@@@@@@@@@@................@@@.....................................................................@@@@@@@@@@@@@@@@@@@@@@@@@
TTTTTTTTT@@@@@TTT@@@@@@@@@@@@@@@@@@@@@@@@@........................................................................@@@@@@.............@@@@@@@@@@@...........................................................................@@@@......@@@@@@@@@@@@@@@@@@@@@@@@@@@
TTTTTTTTTT@@@@TTTT@@@@@@@@@@@@@@@@@@@@@@@@........................................................................@@@@@@.............@@@@@@@@@@@.......................................................................@@@@@@@@......@@@@@@@@@@@@@@@@@@@@@@@@@@@
TTTTTTTTTT@@@@TTTT@@@@@@@@@@@@@@@@@@@@@@@@........................................................................@@@@@@@.............@@@@@@@@@@.......................................................................@@@@@@@@.......@@@@@@@@@@@@@@@@@@@@@@@...
TTTTTTTTTT@@@@TTTT@@@@@@@@@@@@@@T@@@@@@@@@........................................................................@@@@@@@.............@@@@@@@..........................................................................@@@@@@@@@......@@@@@@@@@@@@@@@@@@........
TTTTTTTTTT@@@@@TTT@@@@@@@@@TTT@@@@@@@@@@@@.........................................................................@@@@@@.............@@@...............................................................................@@@@@@@@......@@@@@@@@@@@@@.............
TTTTTTTTTTT@@@@TTTT@@@TTTTTTTT@@@@@@@@@@@@@........................................................................@@@@@@@............................................................................@@@...............@@@@@@@@......@@@@@@@@@.................
TTTTTTTTTTT@@@@TTTTTTTTTTTTTTT@@@@@@@@@@@@@........................................................................@@@@@@@.......................................................................@@@@@@@@...............@@@@@@@@.......@@@@@@@..................
TTTTTTTTTTT@@@@TTTTTTTTTTTTTTTT@@@@@@@@@@@@.........................................................................@@@@@@..................................................................@@@@@@@@@@@@@...............@@@@@@@@@......@.@@@....................
TTTTTTTTTTT@@@@@TTTTTTTTTTTTTTT@@@@@@@@@@@@.........................................................................@@................................................................@@@@@@@@@@@@@@@@@@@@...............@@@@@@@@...............................
@TTTTTTTTTTT@@@@TTTTTTTTTTTTTTT@@@@@@@@@@@@..........................@@@.........................................................................................................@@@@@@@@@@@@@@@@@@@@@@@@@...............@@@@@@@@...............................
@TTTTTTTTTTT@@@@TTTTTTTTTTTTTTT@@@@@@@@@@@@@.....................@@@@@@@......................................................................................................@@@@@@@@@@@@@@@@@@@@@@@@@@@@...............@@@@@@@@..............................@
@TTTTTTTTTTT@@@@TTTTTTTTTTTTTTT@@@@@@@@@@@@@...................@@@@@@@@@......................................................................................................@@@@@@@@@@@@@@@@@@@@@@@@@@@@...............@@@@@@@@@............@@@..........@@@@@
@@TTTTTTTTTT@@@@@TTTTTTTTTTTTTT@@@@@@@@@@@@@...................@@@@@@@@@@.....................................................................................................@@@@@@@@@@@@@@@@@@@@@@@@@@@@................@@@@@@@@.........@@@@@@......@@@@@@@@@
@@TTTTTTTTTTT@@@@TT@@@TTTTTTTTTT@@@@@@@@@@@@...................@@@@@@@@@@.....................................................................................................@@@@@@@@@@@@@@@@@@@@@@@@@@@@@...............@@@@@@@@........@@@@@@@...@@@@@@@@@@@@
@TTTTTTTTTTTT@@@@@@@@@TTTTTTTTTT@@@@@@@@@@@@....................@@@@@@@@@......................................................................................................@@@@@@@@@@@@@@@@@..@@@@@@@@@...............@@@@@@@@........@@@@@@@...@@@@@@@@@@@@
@@TTTTTTTT@@@@@@@@@@@@TTTTTTTTTT@@@TT@@@@@@@@...................@@@@@..........................................................................................................@@@@@@@@@@@@.......@@@@@@@@@...............@@@@@@@@@........@@@@@@...@@@@@@@@@@@@
@@TTTTTTTT@@@@@@T@@@@@TTTTTTTTTTTTTT@@@@@@@@@..................................................................................................................................@@@@@@@@............@@@@@@@@................@@@@@@@@........@@@@@@@...@@@@@@@@@@@
@@TTTTTTTTT@@@TTT@@@@@TTTTTTTTTTTT@@@@@@@@@@@..................................................................................................................................@@@.................@@@@@@@@................@@@@@@..........@@@@@@@...@@@@@@@@@@@
TTTTTTTTTTTTTTTTT@@@@@TTT@@@@@@@@@@@@@@@@@@@@......................................................................................................................................................@@@@@@@@@...............@@..............@@@@@@@...@@@@@@@....
T@@@TTTTTTTTTTTTT@@@@@TT@@@@@@@@@@@@@@@@@@@@@......................................................................................................................................................@@@@@@@@@...............................@@@@@@@..............
@@@@TTTTTTTTTTTTTT@@@@@@@@@@@@@@@@@@@@@@@@@@@@.....................................................................................................................................................@@@@@@@@@................................@@@@@@..............
@@@@TTTTTTTTTT@@@@@@@@@@@@@@@@@@@@@@@@@@@@@@@@.....................................................................................................................................................@@@@@@@@@................................@@@@@@@.............
@@@@@TTTTTTT@@@@@@@@@@@@@@@@@@@@@@@@@@@@@@@@@@......................................................................................................................................................@@@@@@@@................................@@@@@@@.............
@@@@@TTTTTT@@@@@@@@@@@@@@@@@@@@@@@@@@@@@@@@.........................................................................................................................................................@@@@@@@@.................................@@@@@@.............
@@@@@TTT@@@@@@@@@@@@@@@@@@@@@@@@@@@@@...............................................................................................................................................................@@@@@@@@@................................@@@@@@.............
@@@@@@@@@@@@@@@@@@@@@@@@@@@@@@@@....................................................................................................................................................................@@@@@@@@@................................@@@@@@.............
@@@@@@@@@@@@@@@@@@@@@@@@@@@@@.......................................................................................................................................................................@@@@@@@@@................................@@@@@@.............
@@@@@@@@@@@@@@@@@@@@.................................................................................................................................................................................@@@@@@@@................................@@@@@@@............
@@@@@@@@@@@@@@@@@....................................................@@@.............................................................................................................................@@@@@@@@.................................@@@@@@............
@@@@@@@@@@@@@....................................................@@@@@@@.............................................................................................................................@@@@@@@@@................................@@................
@@@@@@@@....................................................@@@@@@@@@@@@.............................................................................................................................@@@@@@@@@...................@@@............................
@@@.....................................................@@@@@@@@@@@@@@@@@............................................................................................................................@@@@@@@@@.................@@@@@.@@@..........@@@...........
.....................................................@@@@@@@@@@@@@@@@@@@@............................................................................................................................@@@@@@@@@................@@@@@@@@@@.......@@@@@@...........
.....................................................@@@@@@@@@@@@@@@@@@@@.............................................................................................................................@@@@@@@@..............@@@@@@@@@@@@@@....@@@@@@@...........
.....................................@@@.............@@@@@@@@@@@@@@@@@@@@@@@@.........................................................................................................................@@@@@@@@@.............@@@@@@@@@@@@@@....@@@@@@@...........
.................................@@@@@@@..............@@@@@@@@@@@@@@@..@@@@@@........................................................................................................................@@@@@@@@@@.............@@@@@@@@@@@@@......@@@@@@...........
.............................@@@@@@@@@@@@.....@@......@@@@@@@@@........@@@@@@....................................................................................................................@@@@@@@@@@@@@@.............@@@@@@@@@@@@@......@@@@@@...........
.........................@@@@@@@@@@@@@@@@@@@@@@@......@@@..............@@@@@@..................................................................................................................@@@@@@@@@@@@@@@@..............@@@@@@@@@@@@......@@@@@@@..........
...................@@..@@@@@@@@@@@@@@@@@@@@@@@@@.......................@@@@@@..................................................................................................................@@@@@@@@@@@@@@@@..............@@@@@@@@@@.........@@@@@@.......@@@
...............@@@@@@..@@@@@@@@@@@@@@@@@@@@@@@@@.......................@@@@@@@..................................................................................................................@@@@@@@@@@@@@@@@.............@@@@@@@@@..........@@........@@@@@@
.........@@@@@@@@@@@@..@@@@@@@@@@@@@@@@@@@@@@@@@.......................@@@@@@@..................................................................................................................@@@@@@@@@@@@@@@@.............@@.@@@@@@....................@@@@@@
.....@@@@@@@@@@@@@@@@@..@@@@@@@@@@@@@@...@@@@@@@.......................@@@@@@@..................................................................................................................@@@@@@@@@@@@@@@@................@@@@@@..............@@@...@@@@@@
...@@@@@@@@@@@@@@@@@@@..@@@@@@@@@........@@@@@@@.......................@@@@@@@..................................................................................................................@@@@@@@@@@@@@@@@..................@@@@..........@@@@@@@...@@@@@@
...@@@@@@@@@@@@@@@@@@@..@@@..............@@@@@@@.......................@@@@@@@...................................................................................................................@@@@@@@@@@@@@@@..................@@@@..........@@@@@@@....@@@@@
...@@@@@@@@@@@@@@@@@@@....................@@@@@@........................@@@@@@...................................................................................................................@@@@@@@@@@@@@@@.................................@@@@@@....@@@@@
...@@@@@@@@@@@@@@@@.......................@@@@@@........................@@@@@@...................................................................................................................@@@@@@@@@@@@....................................@@@@@@@...@@@@@
...@@@@@@@@@@@@...........................@@@@@@@.......................@@@@@@...................................................................................................................@@@@@@@.........................................@@@@@@@........
...@@@@@@@@...........@@@@................@@@@@@@.......................@@@@@@...................................................................................................................@@@..............................................@@@@@@........
....@@@@@@@........@@@@@@@................@@@@@@@.......................@@@@@@@...................................................................................................................................................................@@@@..........
....@@@@@@@@.......@@@@@@@@...............@@@@@@@.......................@@@@@@@.................................................................................................................................................................................
....@@@@@@@@.......@@@@@@@@...............@@@@@@@.......................@@@@@@@.................................................................................................................................................................................
....@@@@@@@@......@@@@....................@@@@@@@.......................@@@@@@@.................................................................................................................................................................................
.....@@@@@@@......@@@@.....................@@@@@@.......................@@@@@@@@@...............................................................................................................................................................................
.....@@@@@@@...............................@@@@@@.......................@@@@@@@@@.............................................................................................................................................................................@@
.....@@@@@@@@..............................@@@@@@.........................@@@@@@@.............................................................................................................................................................................@@
.....@@@@@@@@....@@@@@@....................@@@@@@@........................@@@@@@@................................................................................................................................................................@@@..........@@
......@@@@@@@..@@@@@@@@@....................@@@@@@........................@@@@@@@........................................................................................................................................................@@@.@@@@@@@..........@@
......@@@@@@@@@@@@@@@@@@....................@@@@@@.........................@@@@@@@.....................................................................................................................................................@@@@@@@@@@@@@...........@
......@@@@@@@@@@@...........................@@@@@@.........................@@@@@@@.................................................................................................................................................@@@@@@@@@@@@@@@@@@..........@
......@@@@@@@@@.............................@@@@@@@........................@@@@@@@.........@@@@@@@...............................................................................................................................@@@@@@@@@@@@@@@@@@@@..........@
........@@@@@@@..............................@@@@@@........................@@@@@@@..@@@@@@@@@@@@@@...............................................................................................................................@@@@@@@@@@@@@@@@@@@@..........@
........@@@@@@@..............................@@@@@@........................@@@@@@@..@@@@@@@@@@@@@@................................................................................................................................@@@@@@@@@@@@@@@@@@@..........@
........@@@@@@@@@............................@@@@@@.......@@@@@@@@@........@@@@@@@..@@@@@@@@@@@@@@...............................................................................................................................@@@@@@@@@@@@@@@@@@@@...........
........@@@@@@@@@............................@@@@@@@@@@@@@@@@@@@@@@........@@@@@@@..@@@@@@@......................................................................................................................................@@@@@@@@@@@@@@@@@@@@...........
.........@@@@@@.....................@@@@@@@@@@@@@@@@@@@@@@@@@@@@@@@........@@@@@@@................................................................................................................................................@@@@@@@@@@@@@@@@@@@...........
.........@@@@@@@............@@@@@@@@@@@@@@@@@@@@@@@@@@@@@@@@@@.............@@@@@@@................................................................................................................................................@@@@@@@@@@@@@@@@@@@...........
.........@@@@@@@@@@@@@@@@@@@@@@@@@@@@@@@@@@@@@@@@@@@@@.....................@@@@@@@...........@@@@@@@...............................................................................................................................@@@@@@@@@@@@@@@..............
.........@@@@@@@@@@@@@@@@@@@@@@@@@@@@@@@@@@@@@@@@@..........................@@@@@@@...@@@@@@@@@@@@@@...............................................................................................................................@@@@@@@@@....................
.........@@@@@@@@@@@@@@@@@@@@@@@@@@@@@@@@@@@@...............................@@@@@@@...@@@@@@@@@@@@@@...............................................................................................................................@@@..........................
.........@@@@@@@@@@@@@@@@@@@@@@...............................@@@@@.........@@@@@@@...@@@@@@@@@@@@@@..........................................................................................................................................................@@
.........@@@@@@@.....................................@@@@@@@@@@@@@@.........@@@@@@@...@@@@@@@@@@@@@@..........................................................................................................................................................@@
..........@@@@@@@...........................@@@@@@@@@@@@@@@@@@@@@@@@........@@@@@@@...........@@@@@@..........................................................................................................................................................@@
..........@@@@@@@.............@@@@@@@@@@@@@@@@@@@@@@@@@@@@@@@@@@@@@@..........................@@@..............................................................................................................................................................@
..........@@@@........@@@@@@@@@@@@@@@@@@@@@@@@@@@@@@@@@@@@@@@@@................................................................................................................................................................................................@
...........@@@@@@.@@@@@@@@@@@@@@@@@@@@@@@@@@@@@@@@@T@@@@@@@....................................................................................................................................................................................................@
...........@@@@@@@@@@@@@@@@@@@@@@@@@@@@@@@@TT@@@@TTT@@@@@@@................................@@@.................................................................................................................................................................@
...........@@@@@@@@@@@@@@@@@@@@@@@@@@@@@@TTTT@@@@TTTT@@@@@@@..........................@@@@@@@@@@@..............................................................................................................................................................@
...........@@@@@@@@@@@TTTTT@@@@@@@@@@@@@@TTTTT@@@@TTT@@@@@@@..........................@@@@@@@@@@@..............................................................................................................................................................@
...........@@@@@@@@@@@TTTTT@@@@@@@@T@@TTTTTTTT@@@@TTT@@@@@@@..........................@@@@@@@@@@@...............................................................................................................................................................