type octile
height 256
width 256
map
.....................@@@@@@@@@@@@@@@@@@@@@@@@@@@@@@@@@@@@@@@@@@@@@@@@@@@@@@@@@..............................@@@@@@@@@@@@@.......................@@@@@@@@@@@@@@@@@@@@@@............................................@@@@@@@@@@@@@@@@@@@..............@@@@@@@@@@@@@
......................@@@@@@@@@@@@@@@@@@@@@@@@@@@@@@@@@@@@@@@@@@@@@@@@@@@@@@@.............................@@@@@@@@@@@@@@@@.......................@@@@@@@@@@@@@@@@@@@@@@@@@.......................................@@@@@@@@@@@@@@@@@@@@@..............@@@@@@@@@@@@
........................@@@@@@@@@@@@@@@@@@@@@@@@@@@@@@@@@@@@@@@@@@@@@@@@@@@..............................@@@@@@@@@@@@@@@@@@.......................@@@@@@@@@@@@@@@@@@@@@@@@@@...................................@@@@@@@@@@@@@@@@@@@@@@................@@@@@@@@@@@
.........................@@@@@@@@@@@@@@@@@@@@@@@@@@@@@@@@@@@@@@@@@@@@@@@@@............................@...@@@@@@@@@@@@@@@@@@.......................@@@@@@@@@@@@@@@@@@@@@@@@@@.................................@@@@@@@@@@@@@@@@@@@@@...................@@@@@@@@@@
..........................@@@@@@@@@@@@@@@@@@@@@@@@@@@@@@@@@@@@@@@@@@@@@@@............................@@@...@@@@@@.@@@@@@@@@@@......................@@@@@@@@@@@@@@@@@@@@@@@@@@................................@@@@@@@@@@@@@@@@@@@@@@@...................@@@@@@@@@
...........................@@@@@@@@@@@@@@@@@@@@@@@@@@@@@@@@@@@@@@@@@@@@.............................@@@@@..@@@@@...@@@@@@@@@@@........................@@@@@@@@@@@@@@@@@@@@@@@@.............................@@@@@@@@@@@@@@@@@@@@@@@@@@...................@@@@@@@@
............................@@@@@@@@@@@@@@@@@@@@@@@@@@@@@@@@@@@@@@@@@@............................@@@@@@@...@@@.....@@@@@@@@@@@..............................@@@@@@@@@@@@@@@@@@...........................@@@@@@@@@@@@@@@@@@@@@@@@@@@@..................@@@@@@@@
.............................@@@@@@@@@@@@@@@@@@@@@@@@@@@@@@@@@@@@@@@.............................@@@@@@@@@...@.......@@@@@@@@@@@..................................@@@@@@@@@@@@@@.........................@@@@@@@@@@@@@@@@@@@@@@@@@@@@T@..................@@@@@@@
..............................@@@@@@@@@@@@@@@@@@@@@@@@@@@@@@@@@@@@@.............................@@@@@@@@@@@...........@@@@@@@@@@@.....................................@@@@@@@@@@@.........................@@@@@@@@@@@@@@@@@@@@@@@@@@T@@@..................@@@@@@
...............................@@@@@@@@@@@@@@@@@@@@@@@@@@@@@@@@@@@.............................@@@@@@@@@@@@@...........@@@@@@@@@@@.....................................@@@@@@@@@@@.........................@@@@@@@@@@@@@@@@.@@@@@@@T@@@@@..................@@@@@
................................@@@@@@@@@@@@@@@@@@@@@@@@@@@@@@@@................................@@@@@@@@@@@.............@@@@@@@@@@......................................@@@@@@@@@@@........................@@@@@@@@@@@@@@@...@@@@TT@@@@@@@..................@@@@
..................................@@@@@@@@@@@@@@@@@@@@@@@@@@@@@..................................@@@@@@@@@...............@@@@@@@@@@......................................@@@@@@@@@@@........................@@@@@@@@@@@@@....@@@T@@@@@@@@@....................@@
...................................@@@@@@@@@@@@@@@@@@@@@@@@@@.....................................@@@@@@@@@..............@@@@@@@@@@@......................................@@@@@@@@@@.........................@@@@@@@@@@@......@T@@@@@@@@@@@....................@
....................................@@@@@@@@@@@@@@@@@@@@@@@@.......................................@@@@@@@@@..............@@@@@@@@@@@......................................@@@@@@@@@@.........................@@@@@@@@.........@@@@@@@@@@@@@...................@
.....................................@@@@@@@@@@@@@@@@@@@@@..........................................@@@@@@@@...............@@@@@@@@@@@......................................@@@@@@@@@@@........................@@@@@@.........@@@@@@@@@@@@@@@...................
......................................@@@@@@@@@@@@@@@@@@@.................................@.........@@@@@@@@@...............@@@@@@@@@@@......................................@@@@@@@@@@@.......................@@@@@...........@@@@@@@@@@@@@@@..................
.......................................@@@@@@@@@@@@@@@@@................................@@@@.........@@@@@@@@@...............@@@@@@@@@@@......................................@@@@@@@@@@@.......................@@@.............@@@@@@@@@@@@@@@.................
........................................@@@@@@@@@@@@@@.................................@@@@@..........@@@@@@@@@...............@@@@@@@@@@.......................................@@@@@@@@@@........................@...............@@@@@@@@@@@@@@@................
.........................................@@@@@@@@@@@@................................@@@@@@@@..........@@@@@@@@@...............@@@@@@@@@........................................@@@@@@@@@@........................................@@@@@@@@@@@@@@................
...........................................@@@@@@@@.................................@@@@@@@@@...........@@@@@@@@................@@@@@@@@........................................@@@@@@@@@@@........................................@@@@@@@@@@@@@@...............
............................................@@@@@@.................................@@@@@@@@@@@...........@@@@@@@@...............@@@@@@@@.........................................@@@@@@@@@@@.......................................@@@@@@@@@@@@@@@..............
.............................................@@@@.................................@@@@@@@@@@@.............@@@@@@@@...............@@@@@@@..........................................@@@@@@@@@@@.......................................@@@@@@@@@@@@@@@.............
..............................................@.................................@@@@@@@@@@@................@@@@@@@@..............@@@@@@@...........................................@@@@@@@@@@@.......................................@@@@@@@@@@@@@@@............
.................................@............................................@@@@@@@@@@@@..................@@@@@@@@.............@@@@@@@............................................@@@@@@@@@@........................................@@@@@@@@@@@@@@@...........
...............................@@@@..........................................@@@@@@@@@@@@....................@@@@@@@.............@@@@@@@.............................................@@@@@@@@@@........................................@@@@@@@@@@@@@@@..........
..............................@@@@@@.......................................@@@@@@@@@@@@......................@@@@@@@@............@@@@@@@.............................................@@@@@@@@@@@........................................@@@@@@@@@@@@@@@.........
.............................@@@@@@@@@....................................@@@@@@@@@@@.........................@@@@@@@@...........@@@@@@@..............................................@@@@@@@@@@@........................................@@@@@@@@@@@@@@.........
...........................@@@@@@@@@@@@..................................@@@@@@@@@@@...........................@@@@@@T@..........@@@@@@@...............................................@@@@@@@@@@@........................................@@@@@@@@@@@@@@........
..........................@@@@@@@@@@@@@@...............................@@@@@@@@@@@..............................@@@..@@@.........@@@@@@@................................................@@@@@@@@@@@........................................@@@@@@@@@@@@@@.......
.........................@@@@@@@@@@@@@@@@............................@@@@@@@@@@@@................................@..@@@@.........@@@@@@@.................................................@@@@@@@@@@.........................................@@@@@@@@@@@@@@......
.......................@@@@@@@@@@@@@@@@@............................@@@@@@@@@@@.....................................@@@@@........@@@@@@@..................................................@@@@@@@@@@.........................................@@@@@@@@@@@@.......
......................@@@@@@@@@@@@@@@@...............................@@@@@@@@@.....................................@@@@@@@.......@@@@@@@...................................................@@@@@@@@@@........................................@@@@@@@@@@@........
....................@@@@@@@@@@@@@@@@@..............................@@@@@@@@@........................................@@@@@@.......@@@@@@@....................................................@@@@@@@@@@........................................@@@@@@@@@.......@@
@..................@@@@@@@@@@@@@@@@.................................@@@@@@@........................................@@@@@@@.......@@@@@@@.....................................................@@@@@@@@@@........................................@@@@@@@.......@@@
@.................@@@@@@@@@@@@@@@@...................................@@@@@............................@.............@@@@@@@......@@@@@@@......................................................@@@@@@@@@@........................................@@@@@.......@@@@
@@..............@@@@@@@@@@@@@@@@.....................................@@@@.......................@....@@@.............@@@@@.......@@@@@@@@......................................................@@@@@@@@@@........................................@@@.........@@@
@@@@..........@@@@@@@@@@@@@@@@@.......................................@........................@@@.@@@@@@............@@@.........@@@@@@@@.......................................................@@@@@@@@@@...@....................................@...........@@
@@@@@@@....@@@@@@@@@@@@@@@@@@@................................................................@@@@@@@@@@@@............@..........@@@@@@@@@.......................................................@@@@@@@@@@.@@@.............................................@..@
@@@@@@@@@@@@@@@@@@@@@@@@@@@@.................................................................@@@@@@@@@@@@@....................@..@@@@@@@@@@.......................................................@@@@@@@@@@@@@............................................@@.@T
@@@@@@@@@@@@@@@@@@@@@@@@@@@.................................................................@@@@@@@@.@@@@@@..................@@..@@@@@@@@@@@......................................................@@@@@@@@@@@@@@...........................................@@@@@
@@@@@@@@@@@@@@@@@@@@@@@@@..................................................................@@@@@@@@..@@@@@@@................@@@@..@@@@@@@@@@@......................................................@@@@@@@@@@@@@@...........................................@@@@
@@@@@@@@@@@@@@@@@@@@@@@@..................................................................@@@@@@@.....@@@@@@@..............@@@@....@@@@@@@@@@.......................................................@@@@@@@@@@@@@@........................................@@@@@@
@@@@@@@@@@@@@@@@@@@@@@............................@......................................@@@@@@@........@@@@@@..............@.......@@@@@@@@@@.......................................................@@@@@@@@@@@@@@......................................@@@@@@@
@@@@@@@@@@@@@@@@@@@@@@..........................@@@@....................................@@@@@@@@@........@@@@........................@@@@@@@@@@......................................................@@@@@@@@@@@@@........................................@@@@@@
@@@@@@@@@@@@@@@@@@@@@..........................@@@@@@....................................@@@@@@@.........@@@.....@....................@@@@@@@@@@......................................................@@@@@@@@@@@........................................@@@@@@@
@@@@@@@@@@@@@@@@@@@...........................@@@@@@T@..@.................................@@@@@...........@.....@@@....................@@@@@@@@@@.....................................................@@@@@@@@@............................@............@@@@@@@@
.@@@@@@@@@@@@@@@@...........................@@@@@@@T@@@@@@.........................@......@@@.................@@@@@@...................@@@@@@@@@@@....................................................@@@@@@@@............................@@@..........@@@@@@@@@
.....@@@@@@@@..............................@@@@@@@T@@@@@@@@.......................@@@......@.................@@@@@@@@...................@@@@@@@@@@@...................................................@@@@@@@...........................@@@@@@.......@@@@@@@@@@@
..........................................@@@@@@@T@@@@@@@@@@......................@@@@........................@@@@@@@@...................@@@@@@@@@@@..................................................@@@@@@@..........................@@@@@@.......@@@@@@@@@@@@
........................................@@@@@@@TT@@@@@@@@@@@@.@..................@@@@@@.......................@@@@@@@@@...................@@@@@@@@@@@.................................................@@@@@@@...........................@@@@@@.....@@@@@@@@@@@@.
.......................................@@@@@@@TT@@@@@@@@@@@@.@@@.................@@@@@@@.......................@@@@@@@@....................@@@@@@@@@@@.................................................@@@@@@@...........................@@@@@.@..@@@@@@@@@@@@..
........................................@@@@@TT@@@@@@@@@@@@..@@@@@..............@@@@@@@@@.......................@@@@@@@@....................@@@@@@@@@@@................................................@@@@@@@.............................@@@@@@..@@@@@@@@@....
.........................................@@@TT@@@@@@@@@@@@..@@@@@@@..............@@@@@@@@@.......................@@@@@@@@@...................@@@@@@@@@@@...............................................@@@@@@@..............................@@@@@@@.@@@@@@@.....
..........................................@@@@@@@@@@@@@@@...@@@@@@@@..............@@@@@@@@@.......................@@@@@@@@@...................@@@@@@@@@@@..............................................@@@@@@@..............................@@@@@@@..@@@@@......
.................................@.........@@@@@@@@@@@@@...@@@@@@@@@@..............@@@@@@@@@.......................@@@@@@@@@...................@@@@@@@@@@@.............................................@@@@@@@.....................@.........@@@@@@@..@@@.......
...............................@@@@..........@@@@@@@@@@...@@@@@@@@@@................@@@@@@@.........................@@@@@@@@....................@@@@@@@@@@.............................................@@@@@@@...................@@@..........@@@@@....@........
..............................@@@@@@..........@@@@@@@@...@@@@@@@@@@...................@@@@@..........................@@@@@@@@....................@@@@@@@@@@............................................@@@@@@@..................@@@@@@.........@@@..............
.............................@@@@@@@@..........@@@@@@....@@@@@@@@@.....................@@@............................@@@@@@@@...................@@@@@@@@@@@...........................................@@@@@@@................@@@@@@@@@.........@...............
...........................@@@@@@@@@@@@..........@@@....@@@@@@@@@.......................@..............................@@@@@@@@...................@@@@@@@@@@@..........................................@@@@@@@...............@@@@@@@@@@@........................
..........................@@@@@@@@@@@@@@..........@....@@@@@@@@@........................................................@@@@@@@@...................@@@@@@@@@@...........................................@@@@@@@...............@@@@.@@@@@@.......................
...........................@@@@@@@@@@@@@@...............@@@@@@@................................@.........................@@@@@@@@...................@@@@@@@@@@..........................................@@@@@@@................@....@@@@@.......................
............................@@@@@@@@@@@@@@...........@@@@@@@@@................................@@@@.......................@@@@@@@@....................@@@@@@@@@@.........................................@@@@@@@@.....................@@@@@....................@@
..............................@@@@@@@@@@@@@.........@@@@@@@@@................................@@@@@@.@.....................@@@@@@@@....................@@@@@@@@@@........................................@@@@@@@@@.....................@@@@@..................@@@
...............................@@@@@@@@@@@.........@@@@@@@@@................................@@@@@@@@@@.....................@@@@@@@@....................@@@@@@@@@@@......................................@@@@@@@@@@.....................@@@@@................@@@@
..............................@@@@@@@@@@@...........@@@@@@@...................@@.............@@@@@@@@.......................@@@@@@@@....................@@@@@@@@@@@.....................................@@@@@@@@@@@.............@.......@@@@@..............@@@@@
.............................@@@@@@@@@@@...........@@@@@@@..................@@@@@.............@@@@@@@@.......................@@@@@@@@....................@@@@@@@@@@@.....................................@@@@@@@@@@............@@@.......@@@..............@@@@@@
..............................@@@@@@@@@@............@@@@@....................@@@@@.............@@@@@@@@.......................@@@@@@@@....................@@@@@@@@@@.....................................@@@@@@@@@@@..........@@@@@.......@..............@@@@@@@
...............................@@@@@@@@..............@@@....................@@@@@@..............@@@@@@@@@......................@@@@@@@.....................@@@@@@@@@@.....................................@@@@@@@@@@@........@@@@@@.......................@@@@@@
................................@@@@@@................@....................@@@@@@@@..............@@@@@@@@@.....................@@@@@@@@....................@@@@@@@@@@@.....................................@@@@@@@@@@@........@@@@@@.......................@@@@@
..................................@@@...............@.....................@@@@@@@@@@..............@@@@@@@@@.....................@@@@@@@@....................@@@@@@@@@@@.....................................@@@@@@@@@@@........@@@@@@.......................@@@@
...................................@...............@@@...................@@@@@@@@@@..@.............@@@@@@@@@.@...................@@@@@@@@....................@@@@@@@@@@@@....................................@@@@@@@@@@@........@@@@@@.......................@@@
..................................................@@@@@.................@@@@@@@@.@..@@@.............@@@@@@@@@@@...................@@@@@@@@.................@..@@@@@@@@@@@@@...................................@@@@@@@@@@........@@@@@.........................@@
.................................................@@@@@@@...............@@@@@@@@@...@@@@@..............@@@@@@@......................@@@@@@@@..............@@@...@@@@@@@@@@@@@@@.................................@@@@@@@@@@........@@@..............@...........@@
................................................@@@@@@@@@.............@@@@@@@@@...@@@@@@@..............@@@@@@@......................@@@@@@@@............@@@@@...@@@@@@@@@@@@@@@@@@@............................@@@@@@@@@@@........@..............@@@...........@
.................................................@@@@@@@@@...........@@@@@@@@@.....@@@@@@@..............@@@@@@@......................@@@@@@@@............@@......@@@@@@@@@@@@@@@@@@@@@@@........................@@@@@@@@@@@.....................@@@@@...........
.................................................@@@@@@@@@@.........@@@@@@@@@.....@@@@@@@@@..............@@@@@@@......................@@@@@@@@...................@@@@@@@@@@@@@@@@@@@@@@@@@@@@....................@@@@@@@@@@@..................@@@@@@@@..........
.................................................@@@@@@@@@@@.......@@@@@@@@@.......@@@@@@@@@..............@@@@@@@......................@@@@@@......................@@@@@@@@@@@@@@@@@@@@@@@@@@@.....................@@@@@@@@@@................@@@@@@@@@@.........
.........................................@.@......@.@@@@@@@@@.....@@@@@@..@.........@.@@@@@@@..............@@@@@@@...@..................@@@..............................@@@@@@@@@@@@@@@@@@@@@......................@@@@@@@@@@..............@@@@@@@@@@@@........
........................................@@@@@........@@@@@@@@@...@@@@@@@..............@@@@@@@@..............@@@@@@@.@@@..................@........................@..........@@@@@@@@@@@@@@@@@@......................@@@@@@@@@@...........@@@@@@@@@@@@@@@.......
.......................................@@@@@@@........@@@@@@@@@...@@@@@@@..............@@@@@@@@..............@@@@@@@@@..........................................@@@@.............@@@@@@@@@@@@@@@......................@@@@@@@@...........@@@@@@@@@@@@@@@@.......
......................................@@@@@@@@@........@@@@@@@@@...@@@@@................@.@@@@@@..............@@@@@@@..........................@@..............@@@@..................@@@@@@@@@@@@......................@@@@@............@@@@@@@@@@@T@@@@@@......
.......................................@@@@@@@@@........@@@@@@@@@...@.@....................@@@@@@..............@@@@@@@........................@@@@..............@......................@@@@@@@@@@@.....................@@@@............@@@@@@@@@@..@@@@@@@@.....
........................................@@@@@@@@@........@@@@@@@.........................@@@@@@@..@.............@@@@@@@......................@@@@@.......................................@@@@@@@@@@.....................@.............@@@@@@@..@..@@@@@@@@@@....
...............................@@........@@@@@@@@@......@@@@@@@...........................@@@@@@.@@@.............@@@@@@@@...................@@@@@@@........................@.............@@@@@@@@@@@.................................@@@@@@........@@@@@@@@@@...
.............................@@@@.........@@@@@@@@@@.....@@.@@..............................@.@T@@@@@.............@@@@@@@@...@...............@@@@@@@......................@@@.............@@@@@@@@@@@...............................@@@@@@@@........@@@@@@@@@@..
...........................@@@@@@.........@@@@@@@@@@@.......@..................................@@@@@@@.............@@@@@@@@.@@@................@@@@@@....................@@@@@.............@@@@@@@@@@@.............................@@@@@@@@@@........@@@@@@@@@@.
.........................@@@@@@@@..........@.@@@@@@@@@.........................................@@@@@@@@.............@@@@@@@@@@..................@@@@@..................@@@@@@@..............@@@@@@@@@@@..........................@@@@@@@@@@@@@...@....@@@@@@@@@@
.......................@@@@@@@@@@.............@@@@@@@@@.......................................@@@@@@@@@@..............@@@@@@@...................@@@@@@................@@@@@@@@@..............@@@@@@@@@@@........................@@@@@@@@@@@@@...@@@....@@@@@@@@@
....................@@..@@@@@@@@@.............@@@@@@@@@@@.....................................@@@@@@@@@................@@@@@@@...................@@@@@@..............@@@@@@@@@@@.@............@@@@@@@@@@@......................@@@@@@@@@@@@@...@@@@.....@@@@@@@@
.................@@@@@..@@@@@@@@...............@@@@@@@@@@@@..................................@@@@@@@@@..................@@@@@@@...................@@@@@@..............@@@@@@@@@@@@@............@@@@@@@@@@@......................@@@@@@@@@@@...@@@@@@.....@@@@@@@
...............@@@@@@@@@@@@@@@@.................@@@@@@@@@@@@................................@@@@@@@@@....................@@@@@@@@..................@@@@@@..............@@@@@@@@@@...............@@@@@@@@@@@.....................@@@@@@@@@@.....@@@@......@@@@@@@
...............@@@@@@@@@@@@@@@..........@........@@@@@@@@@@@@..............................@@@@@@@@@......................@@@@@@@@.................@@@@@@@..............@@@@@@@@@@......@........@@@@@@@@@@@.....................@@@@@@@@@@.....@.........@@@@@@
................@@@@@@@@@@@@@..........@@@.........@@@@@@@@@......@.......................@@@@@@@@@........................@@@@@@@@..@..............@@@@@@@..............@@@@@@@@@@....@@@........@@@@@@@@@@......................@@@@@@@@@................@@@@@
................@@@@@@@@@@@@..........@@@@@.........@@@@@@@@...@.@@@@......................@@@@@@@..........................@@@@@@@@@@@..............@@@@@@@.............@@@@@@@@@....@@@@@........@@@@@@@@@@......................@@@@@@@@@................@@@@
.................@@@@@@@@@@..........@@@@@@@.........@@@@@@...@@@@@@@@...................@@@@@@@@@...........................@@@@@@@@@@...............@@@@@@..............@@@@@@@....@@@@@@@.......@@@@@@@@@........................@@@@@@@@@................@@@
.................@@@@@@@@............@@@@@@..........@.@@@@..@@@@@@@@@@................@@@@@@@@@@.............................@@@@@@@@.................@@@@@@..............@@@@@......@@@@@@@.......@@@@@@@..........................@@@@@@@@@................@@
.................@@@@@@@..........@.@@@@@@@............@@@....@@@@@@@@@@@.............@@@@@@@@@@...............................@@@@@@@@.................@@@@@@..............@@@....@..@@@@@@@@.......@@@@@............................@@@@@@@@@................@
..................@@@@@..........@@@@@@@@@..............@......@@@@@@@@@@@.............@@@@@@@@..................@@.............@@@@@@@@.................@@@@@@..............@....@@.@@@@@@@@@@.......@@@..............................@@@@@@@@@................
..................@@@@............@@@@@@@@@.....................@@@@@@@@@@@............@@@@@@@..................@@@@.............@@@@@@@@@................@@@@...................@@@@@@@@@@@@@@@.......@................................@@@@@@@@@...............
...................@@...............@T@@@@@@.....................@@@@@@@@@@@............@@@@@..................@@@@@@.............@@@@@@@@@................@@...................@@@@@@@@@@@@@@@@@.................@.....................@@@@@@@@@@..............
...................@.................@@@@@@.......................@@@@@@@@@..............@@@..................@@@@@@@@.............@@@@@@@@@...............@@@...................@@@@@@@@@@@@@@@@@...............@@@.....................@@@@@@@@...............
....................................@@@@@@.........................@@@@@@@@@..............@..................@@@@@@@@@@.............@@@@@@@@@.............@@@@@...................@@@@@@@@@@@@@@@@@.............@@@@@.....................@@@@@@................
..............................@....@@@@@@...........................@@@@@@@@@...........@....................@@@@@@@@@@@..............@@@@@@@@...........@@@@@@@...................@@@@@@@@@@@@@@@@@............@@@@@@.....................@@@...............@..
.............@...............@@@...@@@@@.............................@@@@@@@...........@@@..................@@@@@@@@@@@................@@@@@@@@@........@@@@@@@@@..................@@@@@@@@@@@@@@@@............@@@@@@@@.....................@...............@@@.
...........@@@@.............@@@@@.@@@@@...............................@@@@@...........@@@@@................@@@@@@@@@@...................@@@@@@@@@........@@@@@@@....................@@@@@@@@@@@@@@............@@@@@@@@@....................................@@@@.
.........@@@@@@............@@@@@@@@@@@@...........@.....@..............@@@...........@@@@@@@..............@@@@@@@@@@.....................@@@@@@@@@......@@@@@@@......................@@@@@@@@@@@@...........@@@@@@@@@@@@..................................@@@@@@
.........@@@@@@@..........@@@@@@@@@@@@...........@@@@..@@@..............@....@......@@@@@@@@@............@@@@@@@@@@.......................@@@@@@@.....@@@@@@@@........................@@@@@@@@@@...........@@@@@@@@@@@@@@................................@@@@@@T
.......@@@@@@@@@.........@@@@@@@@@@@@...........@@@@@@.@@@..................@@@......@@@@@@@@...........@@@@@@@@@..........................@@@@@.....@@@@@@@...........................@@@@@@@@.............@@@@@@@@@@@@@..............................@@@@@@@TT
...@.@@@@@@@@@@@@.......@@@@@@@@@@@@...........@@@@@@@@@@@@................@@@@@......@@@@@@@@..........@@@@@@@@............................@@@.......@@@@@..................@..........@@@@@@...............@@@@@@@@@@@@@............................@@@@@@@TTT
.@@@@@@@@@@@@@@..........@@@@@@.@@@...........@@@@@@@@@@@@@@.............@@@@@@........@@@@@@@@........@@@@@@@@..............................@.........@@@..................@@@.........@@@@@.................@@@@.@@@@@@@@..........................@@@@@@@T@TT
@@@@@@@@@@@@..............@@@@...@...........@@@@@@@@@@@@@@.............@@@@@@@@........@@@@@@@@......@@@@@@.@..........................................@...................@@@@.........@@@...................@....@@@@@@@@........................@@@@@@@T@@@T
@@@@@@@@....................@...............@@@@@@@@@@@@@@.............@@@@@@@@@.........@@@@@@@@....@@@@@@@...............................................................@@@@@@.........@.........................@@@@@@@@@......................@@@@@@@T@@@@@
@@@@@@......................................@@@@@@@@@@@@@@..............@@@@@@@@@........@@@@@@@@@....@@@@@@@...............@.....@.........................................@@@@@@...................................@@@@@@@@@....................@@@@@@@TTT@@@@
@@@@.......................................@@@@@@@@.@@@@@................@@@@@@@@@........@@@@@@@......@@@@@...............@@@...@@@.........................................@@@@@@...................................@@@@@@@@@....................@@@T@TT@TT@@@
@@........................................@@@@@@@@...@@@.........@........@@@@@@@@.@.......@@@@@........@.@...............@@@@@.@@@@@.......................................@@@@@@@@...................................@@@@@@@@@...................@..@@@@@@TT@@
@........................................@@@@@@@@.....@.........@@@@.......@@@@@@@@@@.......@@@...........................@@@@@@@@@@@@.....................................@@@@@@@@@@...................................@@@@@@@@@.....................@@@@@@@@T@
........................................@@@@@@@@...............@@@@@@.......@@@@@@@@@........@...........................@@@@@@@@@@@@@@...................................@@@@@@@@@@....................@.@..............@@@@@@@@@...................@@@@@@@@@@T
.......................................@@@@@@@@...............@@@@@@@@.......@@@@@@@@@@...................................@@@@@@@@@@@@@@.................................@@@@@@@@@....................@@@@@@..............@@@@@@@@@...................@@@@@@@@@@
........................................@@@@@@@@..............@@@@@@@..........@@@@@@@@@...................................@@@@@@@@@@@@@@@..............................@@@@@@@@@......................@@@@@.@...........@@@@@@@@@@....................@@@@@@@@@
.........................................@@@@@@@@............@@@@@@@............@@@@@@@@@...................................@@@@@@.@@@@@@@@..............................@@@@@@@......................@@@@@@@@@.........@@@@@@@@@@@@....................@@@@@@@@
..........................................@@@@@@@@..........@@@@@@@..............@@@@@@@@@...................................@@@@@..@@@@@@@@............................@@@@@@@......................@@@@@@@@@@........@@@@.@@@@@@@@@...................@@@@@@@@
.........................................@@@@@@@@............@@@@@@@..............@@@@@@@@@.........................@.........@@@....@@@@@@@@............................@@@@@........................@@@@@@@@@@........@@...@@@@@@@@@...................@@@@@@@
........................................@@@@@@@@..............@@@@@@@..............@@@@@@@@@.......................@@@.........@......@@@@@@@@............................@.@..........................@@@@@@@@@@.............@@@@@@@@@...................@@@@@@
.......................................@@@@@@@@................@@@@@@@..............@@@@@@@@@.....................@@@@@@...............@@@@@@@@....................@...................................@@@@@@@@@@..............@@@@@@@@@...................@@@@@
......................................@@@@@@@@................@@@@@@@................@@@@@@@@@...................@@@@@@@@...............@@@@@@@@..................@@@....................@..............@@@@@@@@@@...........@@@@@@@@@@@@...................@@@@
..............@@....@@................@@@@@@@..........@.....@@@@@@@..................@@@@@@@...@.................@@@@@@@@.............@@@@@@@@.................@@@@@@..................@@@..............@@@@@@@@@@.........@@@@@@@@@@@@@@...................@@@
..........@.@@@@..@@@@...............@@@@@@@@.........@@@...@@@@@@@@...................@@@@@...@@@.................@@@@@@@@...........@@@@@@@@.................@@@@@@@@...............@@@@@@..............@@@@@@@@@@.........@@@T@@@@@@@@@@.@................@@@
........@@@@@@@@@@@@@@@.............@@@@@@@@.........@@@@@.@@@@@@@@.....................@@@...@@@@@.................@@@@@@...........@@@@@@@@.................@@@@@@@@@@.............@@@@@@@@..............@@@@@@@@@@.........@@@@@@@@@@@@@@@@................@@
@.....@@@@@@@@@@@@@@@@@.@..........@@@@@@@@.........@@@@@@@@@@@@@@.........@.............@...@@@@@@................@@@@@@.............@@@@@@@@@................@@@@@@@@...............@@@@@@@...............@@@@@@@@@@..........@@@@@@@@@@@@@@@................@
@...@@@@@@@@@@@@@@@@@@@@@@..........@@@@@@..........@@@@@@@@@@@@@.........@@@@...@..........@@@@@@@@..............@@@@@@...............@@@@@@@@@................@@@@@@.................@@@@@@@................@@@@@@@@@.........@@@@@@@@@@@@@@@.................
@@@..@@@@@@@@@@...@@@@@@@............@@@@..........@@@@@@@@@@@@@.........@@@@@@.@@@........@@@@@@@@@.............@@@@@@@@...............@@@@@@@@@...@............@@@..............@.....@@@@@@@................@@@@@@@@@.........@...@@@@@@@@@@@................
@@@..@@@@@@@@.....@@@@@@.............@@@..........@@@@@@@@@@@@@..........@@@@@@@@@@@........@@@@@@@@@.............@@@@@@@@...............@@@@@@@...@@@............@..............@@@.....@@@@@@@................@@@@@@@@@.............@@@@@@@@@@@...............
@@@@..@@@@..........@@@@..............@............@@@@.@@@@@@@.........@@@@@@@@@@@@@........@@@@@@@@@@............@@@@@@@@@....@.........@@@@@...@@@@@.........................@@@@......@@@@@@@................@@@@@@@...............@@@@@@@@@@@..............
@@@@..@@............@@@@@...........................@@@..@@@@@.........@@@@@@@@@@@@@..........@@@@@@@@@@............@@@@@@@@@..@@@.........@@@...@@@@@@@.......................@@@@@@......@@@@@@@...............@@@@@@@@...............@@@@@@@@@@@.............
@@@@@................@@@@............................@....@@@.........@@@@@@@@@@@@@.............@@@@@@@@@............@@@@@@@@@.@@@@.........@...@@@@@@@@@.....................@@@@@@@@......@@@@@@@...............@@@@@@.................@@@@@@@@@@.............
@@@@@................@@@@@.....................@...........@..........@@@@@@@@@@@@...............@@@@@@@@@............@@@@@@@@@@@@@@@..........@@@@@@@@@.....................@@@@@@@@.......@@@@@@@@...............@@@@...................@@@@@@@@@@............
@@@@..................@@@@....................@@@....................@@@@@@@.@@@@.................@@@@@@@@@............@@@@@@@@@@@@@@@........@@@@@@@@@.....................@@@@@@@@.........@@@@@@@@...............@......................@@@@@@@@@@...........
@@...................@@@@@@..................@@@@@..................@@@@@@@....@...................@@@@@@@@@............@@@@@@@@@@@@@@@........@@@@@@@@@@..................@@@@@@@@...........@@@@@@@@....................................@@@@@@@@@@............
@.....................@@@@@.................@@@@@@@................@@@@@@@@...............@.........@@@@@@@@@............@@@@@@@@@@@@@@@........@@@@@@@@@@................@@@@@@@@.............@@@@@@@@.............................@......@@@@@@@@.............
......................@@@@@@.@.............@@@@@@@.................@@@@@@@...............@@@@........@@@@@@@@@@...........@@@@@@@@@@@@@..........@@@@@@@@..................@@@@@@...............@@@@@@...................@.........@@@......@@@@@...............
.......................@@@@@@@@...........@@@@@@@.................@@@@@@@...............@@@@@@........@@@@@@@@@@...........@@@@@.@@@@@..........@@@@@@@@....................@@@..................@@@...@................@@@......@@@@@@.@....@@@................
.......................@@@@@@@.............@@@@@@@...............@@@@@@@...............@@@@@@@@........@@@@@@@@@@...........@@@...@@@..........@@@@@@@@...............@......@....................@...@@@..............@@@@@....@@@@@@@@@@....@.................
........................@@@@@@@............@@@@@@@@...............@@@@@@@@.............@@@@@@@..........@@@@@@@@@@...........@.....@.....@....@@@@@@@@@..............@@@.............................@@@@@............@@@@@@@..@@@@@@@@@@@@.....................
...................@@...@@@@@@@.............@@@@@@@@................@@@@@@@...........@@@@@@@@...........@@@@@@@@@......................@@@...@@@@@@@@..............@@@@.............................@@@@@@..........@@@@@@@@@..@@@@@@@@@@@.........@...........
.................@@@@....@@@@@@@...........@@@@@@@@................@@@@@@@...........@@@@@@@@.............@@@@@@@@@....................@@@@@.@@@@@@@@..............@@@@@@...........................@@@@@@@@..........@@@@@@@@@..@@@@@@@@@@@.......@@@..........
...............@@@@@@@...@@@@@@@...........@@@@@@@................@@@@@@@.............@@@@@@@@.............@@@@@@@@@..................@@@@@@@@@@@@@@..............@@@@@@@@...........................@@@@@@@@..........@@@@@@@@@..@@@@@@@@@@@.....@@@...........
..............@@@@@@@@....@@@@............@@@@@@@................@@@@@@@................@@@@@@@.............@@@@@@@@@@...............@@@@@@@@@@@@@@..............@@@@@@@@.............................@@@@@@@@..........@@@@@@@....@@@@@@@@@.....@@@............
............@@@@@@@@......@@...............@@@@@..................@@@@@................@@@@@@@@@..............@@@@@@@@@.............@@@@@@@@@@@@@@..............@@@@@@@@...............................@@@@@@@@.........@@@@@@@@.@@@@@@@@@@.....@@@.............
..........@@@@@@@@..........................@@@...............@....@@@................@@@@@@@@@................@@@@@@@@@...........@@@@@@@@@@@@@@..............@@@@@@@@......@..........................@@@@@@@@.........@@@@@@@@@@@@@@@@........@..............
...........@@@@@@@@..........................@..........@....@@@....@...........@....@@@@@@@@@..................@@@@@@@@@...........@@@@@@@@@@@@@............@@@@@@@@@......@@@.........................@@@@@@@@..........@@@@@@@@@@@@@@....................@...
...........@@@@.@......................................@@@@.@@@@@..............@@@...@@@@@@@@....................@@@@@@@@@...........@@@@.@@@@@@............@@@@@@@@@......@@@@@.........................@@@@@@@@..........@@@@@@@@@@@@....................@@@..
.........@@@@.........................................@@@@@@@@@@@@............@@@@@.@@@@@@@@......................@@@@@@@@@..........@@@...@@@@............@@@@@@@@@......@@@@@@@.........................@@@@@@@@..........@@@@@@@@@@@@..................@@@...
.......@@@@@@........................................@@@@@@@@@@@@@@..........@@@@@@@@@@@@@@.........@.....@........@@@@@@@@@..........@......@............@@@@@@@@@......@@@@@@@@@.........................@@@@@@@@..........@@@@@@@@@@..................@@@....
......@@@@@@@@......................................@@@@@@@@@@@@@@...........@@@@@@@@@@@@@.........@@@@..@@@........@@@@@@@@@..@.........................@@@@@@@@.........@@@@@@@@@.........................@@@@@@@@..........@@@@@@@@..................@@@.....
.......@@@@@@@.....................................@@@@@@@@@@@@@@...........@@@@@@@@@@@@@.........@@@@@@.@@@........@@@@@@@@..@@@.......................@@@@@@@@...........@@@@@@@@@.........................@@@@@@@@.........@@@@@@@....................@.....@
.......@@@@@@@.....................................@@@@@@@@@@@@@@..........@@@@@@@@@@@@@.........@@@@@@@@@@@@........@.@@@@..@@@@@.....................@@@@@@@@.............@@@@@@@@@@........................@@@@@@@@.........@@@@@..........................@@
........@@@@@@....................................@@@@@@@.@@@@@@............@@@@@.@@@@@..........@@@@@@@@@@@@@..........@@..@@@@@@@@..................@@@@@@@@...............@@@@@@@@@@........................@@@@@@@@.........@@@.........................@@@@
........@@@@@@...................................@@@@@@@...@@@@...............@@...@@@..........@@@@@@@@@@@@@...........@...@@@@@@@@@..................@@@@@@..................@@@@@@@@@.......................@@@@@@@@@@........@.........................@@@@@
..........@@@@..................................@@@@@@@......@..........@...........@..........@@@@@@@@@@@@@...............@@@@@@@@@@@..................@@@@....................@@@@@@@@@.......................@@@@@@@@@@................................@@@@@@
..........@@@@@................@@..............@@@@@@@@................@@@....................@@@@@@@.@@@@@@..............@@@@@@@@@@@@@.................@@@......................@@@@@@@@@.......................@@@@@@@@@@..............................@@@@@@@
@..........@@@@..............@@@@.............@@@@@@@@................@@@@@..................@@@@@@@...@@@@................@@@@@@@@@@@...................@........................@@@@@@@@@.......................@@@@@@@@@@............................@@@@@@@@
@..........@@@@@..........@@@@@@@@.............@@@@@@................@@@@@@@................@@@@@@@@.....@..........@.......@@@@@@@@@..............................................@@@@@@@@@.......................@@@@@@@@@@..........................@@@@@@@@@
@...........@@@@........@@@@@@@@@@..@@..........@@@@................@@@@@@@.................@@@@@@@................@@@.......@@@@@@@@...............................................@@@@@@@@@.....................@@@@@@@@@@@@........................@@@@@@@@@@
@..........@@@@@@.....@@@@@@@@@@@@@@@@............@................@@@@@@@@................@@@@@@@................@@@@@........@@@@@.................................................@@@@@@@@@....................@@@@@@@@@@@........................@@@@@@@@@@@
@...........@@@@@.....@@@@@@@@@@@@@@@@@...........................@@@@@@@@................@@@@@@@................@@@@@@@........@@@...................................................@@@@@@@@@..................@@@@@@@@@@@........................@@@@@@@@@@@@
@@..........@@@@@@.....@@@@@@@@...@@@@@.@..........................@@@@@@@@@...............@@@@@@@..............@@@@@@@..........@.....................................................@@@@@@@@@................@@@@@@@@@@@.......................@@@@@@@@@@@@@T
@@...........@@@@@.....@@@@@@.....@@@@@@@............................@@@@@@@@...............@@@@@@@............@@@@@@@...................................................................@@@@@@@@..............@@@@@@@@@@@.......................@@@@@@@@@@@@TTT
@@@..........@@@@@@.....@@@........@@@@@@@..........................@@@@@@@@.................@@@@@@@..........@@@@@@@......................@..............................................@@@@@@@@............@@@@@@@@@@@.......................@@@@@@@@@@@@TTTT
@.............@@@@@.....@..........@@@@@...........................@@@@@@@@................@@@@@@@@............@@@@@@@....................@@@..............................................@@@@@@@@@..........@@@@@@@@@@.......................@@@@@@@@@@@@TTTTT
...@...........@@@@@................@@@@@.....................@....@@@@@@@................@@@@@@@@..............@@@@@@@..................@@@@@..............................................@@@@@@@@@........@@@@@@@@@@.......................@@@@@@@@@@@@TTTTTT
.@@@...........@@@@@................@@@@@....................@@@@.@@@@@@@..................@@@@@@................@@@@@@@................@@@@@@@@.............................................@@@@@@@@@......@@@@@@@@@@.........................@@@@@@@@@@TTTTTTT
@@@@@...........@@@@@................@@@@@..................@@@@@@@@@@@@....................@@@@................@@@@@@@................@@@@@@@@@@.............................................@@@@@@@@@......@@@@@@@@...........................@@@@@@@@@@TTTTTT
@@@@@...........@@...................@@@@@.................@@@@@@@@@@@@@@.....................@..........@.....@@@@@@@..................@@@@@@@@@@.............................................@@@@@@@@@......@@@@@@.............................@@@@@@@@@@TTTTT
@@@@@@................................@@@@@...............@@@@@@@@@@@@@@..........@....@................@@@...@@@@@@@@...................@@@@@@@@@@.............................................@@@@@@@@@.......@@@..............................@@@@@@@@@@@TTTT
@@@@@@................................@@@@@..............@@@@@@@@@@@@@@@.........@@@@.@@@@.............@@@@@.@@@@@@@@.....................@@@@@@@@@..............................................@@@@@@@@@.......@................................@@@@@@@@@@TTTT
@@@@@@@................................@@@@@..............@@@@@@@@@@@@@.........@@@@@@@@@@@...........@@@@@@@@@@@@@@.......................@@@@@@@@@.............@.................................@@@@@@@@........................................@@@@@@@@@@TTT
@@@@@@@@...............................@@@@@.@.............@@@@.@@@@.@.........@@@@@@@@@@@@@..........@@@@@@@@@@@@@..........................@@@@@@.............@@@.................................@@@@@@..........................................@@@@@@@@@@TT
@@@@@@@@................................@@@@@@@.............@@@...@...........@@@@@@@@@@@@...........@@@@@@@@@@@@@............................@@@@@........@...@@@@@.................................@@@.............................................@@@@@@@@@@T
@@@@@@@@@...............................@@@@@@...............@...............@@@@@@@@@@@@...........@@@@@@@@@@@@@..............................@@@........@@@@.@@@@@@.................................@...............................................@@@@@@@@@@
@@@@@@@@@................................@@@@@@..............................@@@@@.@@@@@.............@@@@@@@@@@@@...............................@........@@@@@@@@@@@@@.................................................................................@@@@@@@@.
@@@@@@@@@@..............................@@@@@@@.............................@@@@@...@@@@..............@@@@.@@@@@..............@.........................@@@@@@@@@@@@@@@........................@.......................................................@@@@@@@..
@@@@@@@@@@.........................@@....@@@@@@@...........................@@@@@....@@@..........@.....@@@..@@@..............@@@.........................@@@@@@@@@@@@@@@......................@@@.......................................................@@@@@...
@@@T@@@@@@@......................@@@@.....@@@@@@..........................@@@@@......@..........@@@.....@....@..............@@@@@.......................@@@@@@@@@@@@@@@@@....................@@@@@.......................................................@@@....
@TTT@@@@@@@...................@@@@@@@@....@@@@...........................@@@@@.................@@@@@.......................@@@@@@@.@...................@@@@@@@@@@@@@@@@@....................@@@@@@@@......................................................@.....
TTTTT@@@@@@@.................@@@@@@@@@.....@............................@@@@@@@@..............@@@@@@@...................@.@@@@@@@@@@@.................@@@@@@@@@@@@@@@@@.....................@@@@@@@@@...........................................................
TTT@@@@@@@@................@@@@@@@@@@@@..................................@@@@@@@@.............@@@@@@@@.................@@@T@@@@@@@@@@@...............@@@@@@@@@@@@@@@@@.....................@@@@@@@@@@@....................................@.....................
TT@@@@@@@@................@@@@@@@@@@@......................................@@@@@@@...........@@@@@@@@.................@@@@@T@@@@@@@@@@................@@@@@@@@@@@@@@@.....................@@@@@@@@@@@@@..................................@@@....................
T@@@@@@@@@................@@@@@@@@@.......................................@@@@@@@...........@@@@@@@@.................@@@@@@..@@@@@@@@@@................@@@@@@@@@@@@@.....................@@@@@@@@@@@@@..................................@@@@@...................
T@@@@@@@@..................@@@@@@@@......................................@@@@@@@.............@@@@@@.................@@@@@@@@..@@@@@@@@@@................@@@@@@@@@@@@....................@@@@@@@@@@@@@..................................@@@@@@@..................
@@@@@@@@...................@@@@@@..................................@....@@@@@@@...............@@@@@@@..............@@@@@@@@@@..@@@@@@@@@.................@@@@@@@@@@....................@@@@@@@@@@@@@..................................@@@@@@@@..................
@@@@@@@.....................@@@...................................@@@@.@@@@@@@.................@@@@@@@..............@@@@@@@@@@..@@@@@@@....................@@@@@@@....................@@@@@@@@@@@@@@.................................@@@@@@@@@@.................
@@@@@@@.....................@@@..................................@@@@@@@@@@@@.................@@@@@@@................@@@@@@@@....@@@@@......................@@@@@....................@@@@@@@@@@@@@@.................................@@@@@@@@@@@@................
@@@@@@....................@@@@@@................................@@@@@@@@@@@@@..........@.....@@@@@@@............@.....@@@@@@@.....@@@........................@@@.....................@@@@@@@@@@@@@.................................@@@@@@@@@@@@@@...............
@@@@@..........@...........@@@@@...............................@@@@@@@@@@@@@..........@@@...@@@@@@@............@@@.....@@@@@.......@..........................@.....................@@@@@@@@@@@@@.................................@@@@@@@@@@@@@@................
@@@@@.........@@...........@@@@@@.............................@@@@@@@@@@@@@..........@@@@@.@@@@@@@............@@@@@.....@@@........................................................@@@@@@@@@@@@@..................................@@@@@@@@@@@@@.................
@@@@..........@@@...........@@@@@..............................@@@@@.@@@@@..........@@@@@@@@@@@@@............@@@@@@......@........................................................@@@@@@@@@@@@@..................................@@@@@@@@@@@@@..................
.@@@.........@@@@...........@@@@@@..............................@@@...@@@..........@@@@@@@@@@@@@............@@@@@@@@.............................................................@@@@@@@@@@@@@..................................@@@@@@@@@@@@@...................
..@.........@@@@@@...........@@@@@...............@...............@.....@..........@@@@@@@@@@@@@............@@@@@@@@@@...........................................................@@@@@@@@@@@@@.................................@@@@@@@@@@@@@.....................
...........@@@@@@@@..........@@@@@@.........@..@@@................................@@@@@@@@@@@@............@@@@@@@@@@@@.........................................................@@@@@@@@@@@@@@................................@@@@@@@@@@@@@......................
...........@@@@@@@@...........@@@@@.......@@@@@@@@@..............................@@@@@@.@@@@@............@@@@@@@@@@@@.........................................................@@@@@@@@@@@@@@................................@@@@@@@@@@@@@.......................
..........@@@@@@@@@@..........@@@@@@....@@@@@@@@@@@..@@.........................@@@@@@...@@@............@@@@@@@@@@@@..........................................................@@@@@@@@@@@@@................................@@@@@@@@@@@@@........................
.........@@@@@@@@@@@@..........@@@@@...@@@@@@@@@@@@@@@@........................@@@@@@@....@..............@@@@@@@@@@.....................................@....................@@@@@@@@@@@@@................................@@@@@@@@@@@@@@@.......................
.........@@@@@@@@@@@@..........@@@@@@..@@@@@@@@@@@@@@@@@......................@@@@@@@.....................@@@@@@@@.....................................@@@..................@@@@@@@@@@@@@................................@@@@@@@@@@@@@@@........................
........@@@@@@.@@@@@@@..........@@@@@...@@@@@@@@@..@@@@@..@..................@@@@@@@.......................@@@@@@.....................................@@@@@@...............@@@@@@@@@@@@@................................@@@@@@@@@@@@@@@.........................
.........@@@@..@@@@@@@..........@@@@@@@.@@@@@@.....@@@@@@@@...................@@@@@@@........................@@@@@...................................@@@@@@@@...............@@@@@@@@@@@................................@@@@@@@@@@@@@@@.........................@
.......@...@....@@@@@@...........@@@@@@..@@@........@@@@@@@....................@@@@@@@........................@@@@@..................................@@@@@@@@@...............@@@@@@@@@................................@@@@@@@@@@@@@@@.........................@@
......@@@@.....@@@@@@@@..........@@@@@@@.@..........@@@@@@......................@@@@@@@........................@@@@@................................@@@@@@@@@@@...............@@@@@@@@..............................@@@@@@@@@@@@@@@..........................@@@
......@@@@@.....@@@@@@@...........@@@@@..............@@@@@@....................@@@@@@@..........................@@@@@..............................@@@@@@@@@@@@@................@@@@@..............................@@@@@@@@@@@@@@@..........................@@@@
.....@@@@@@@....@@@@@@............@@@@@@..............@@@@@...................@@@@@@@............................@@@..............................@@@@@@@@@@@@@@@@...............@@@..............................@@@@@@@@@@@@@@@....................@.......@@@
....@@@@@@@......@@@...............@@@@@..............@@@@@@.................@@@@@@@..............................@................................@@@@@@@@@@@@@@@@...............@..............................@@@@@@@@@@@@@@@....................@@@.......@@
....@@@@@@@......@.................@@@@@@.............@@@@@@................@@@@@@@.................................................................@@@@@@@@@@@@@@@@............................................@@@@@@@@@@@@@@@...................@@@@@@......@@
...@@@@@@@..........................@@@................@@@@@@..............@@@@@@@....................................................................@@@@@@@@@@@@@..............................................@@@@@@@@@@@@@...................@@@@@@@@......@
..@@@@@@@@..........................@..................@@@@@@.............@@@@@@@@.....................................................................@@@@@@@@@@@...............................................@@@@@@@@@@@@...................@@@@@@@@........
..@@@@@@@...............................................@@@@@@@..........@@@@@@@@.......................................................................@@@@@@@@@...............................................@@@@@@@@@@@@....................@@@@@@@.........
.@@@@@@...................@.............................@@@@@@@...........@@@@@@.........................................................................@@@@@@@@..............................................@@@@@@@@@@@@....................@@@@@@@..........
@@@@@@@.................@@@..............................@@@@@@@...........@@@@...........................................................................@@@@@@..............................................@@@@@@@@@@@.....................@@@@@@@...........
@@@@@@................@@@@@@.............................@@@@@@............@@@..............................................................................@@@..............................................@@@@@@@@@@@.....................@@@@@@@............
@@@@@................@@@@@@@..............................@@@@@.............@................................................................................@.............................................@@@@@@@@@@@@.....................@@@@@@@.............
@@@@..................@@@@@@@.............................@@@@@@..........................................................................................................................................@@@@@@@@@@@@....................@@@@@@@@..............
@@@@..................@@@@@@@..........................@...@@@@@.........................................................................................................................................@@@@@@@@@@@@@@..................@@@@@@@................
@@@....................@@@@@@@.......................@@@...@@@@@@.......................................................................................................................................@@@@@@@@@@@@@@.................@@@@@@@@.................
@@@@...................@@@@@@@.....................@@@@@@...@@@........................................................................................................................................@@@@@@@@@@@@@@.................@@@@@@@@..................
@@@.....................@@@@@@@..................@@@@@@@@...@.........................................................................................................................................@@@@@@@@@@@@@@.................@@@@@@@@...................
@.......................@@@@@@@................@@@@@@@@@@@.............................................................................................................................................@@@@@@@@@@@@...................@@@@@@....................
@........................@@@@@@@.............@@@@@@@@@@@................................................................................................................................................@@@@@@@@@@.....................@@@@.....................
.........................@@@@@@@..............@@@@@@@@...................................................................................................................................................@@@@@@@@......................@@@......................
..........................@@@@@@@.............@@@@@@@@...................................................................................................................................................@@@@@@@........................@.......................
..........................@@@@@@@...........@@@@@@@@......................................................................................................................................................@@@@@.................................................
...........................@@@@@@@..........@..@@@.......................................................................................................................................@.................@@@..................................................
...........................@@@@@@@.............@@@......................................................................................................................................@@@.................@..................................@................
............................@@@@@@@...........@@@@@....................................................................................................................................@@@@@..................................................@@@...............
............................@@@@@@@..........@@@@@@...................................................................................................................................@@@@@@@................................................@@@@@..............
.............................@@@@@@@..........@@@@@@.@...............................................................................................................................@@@@@@@@@...............................@..............@@@@@@..............
.............................@@@@@@@..........@@@@@@@@..............................................................................................................................@@@@@@@@@@@.............................@@@..............@@@@@@............@
..............................@@@@@@@..........@@@@@@...............................................................................................................................@@@@@@@@@@@@...........................@@@@@..............@@@@@@..........@@
..............................@@@@@@@..........@@@@................................................................................................................................@@@@@@@@@@@@@@........................@@@@@@@..............@@@@@@@.......@@@@
...............................@@@@@@@..........@.................................................................................................................................@@@@@@@@@@@@@@@@......................@@@@@@@@@..............@@@@@@......@@@@@
...............................@@@@@@@...........................................................................................................................................@@@@@@@@@@@@@@@@......................@@@@@@@@@@@..............@@@@@@......@@@@
................................@@@@@@@.........................................................................................................................................@@@@@@@@@@@@@@@@......................@@@@@@@@@@@@@.............@@@@@@@......@@@
................................@@@@@@@........................................................................................................................................@@@@@@@@@@@@@@@@........................@@@@@@@@@@@@@.............@@@@@@@......@@
.................................@@@@@@@.......................................................................................................................................@@@@@@@@@@@@@@@..........................@@@@@@@@@@@@..............@@@@@@.......@
.................................@@@@@@@......................................................................................................................................@@@@@@@@@@@@@@@............................@@@@@@@@@@@@.............@@@@@@@.......
..................................@@@@@@@.....................................................................................................................................@@@@@@@@@@@@@@@.............................@@@@@@@@@@@@.............@@@@.........
..................................@@@@@@....................................................................................................................................@@@@@@@@@@@@@@@@@@.............................@@@@@@@@@@@..............@...........
...................................@@@.....................................................................................................................................@@@@@@@@@@@@@@@@@@..............................@@@@@@@@@@@@.........................
...................................@......................................................................................................................................@@@@@@@@@@@@@@@@@@................................@@@@@@@@@@@@........................
.........................................................................................................................................................................@@@@@@@@@@@@@@@@@@..................................@@@@@@@@@@@........................
..........................................................................................................................................................................@@@@@@@@@@@@@@@@....................................@@@@@@@@@@@.......................
..........................@................................................................................................................................................@@@@@@@@@@@@.@......................................@@@@@@@@@@@......................
.........................@@@@...............................................................................................................................................@@@@@@@@@@@.........................................@@@@@@@@@@@.....................
.........................@@@@@.......................................................................................................................................@.......@@@@@@@@@.........................................@@@@@@@@@@@@@....................
........................@@@@@@@@....................................................................................................................................@@@.......@@@@@@@...........................................@@@@@@@@@@@@@...................
.......................@@@@@@@@@@..................................................................................................................................@@@@@.......@@@@@............@................................@@@@@@@@@@@@...................
......................@@@@@@@@@@@@@...............................................................................................................................@@@@@@@.......@@@............@@@................................@@@@@@@@@@@@..................
......................@@@@@@@@@@@@@@.............................................................................................................................@@@@@@@@@.......@............@@@@@@...............................@@@@@@@@@@@@.................
.....................@@@@@@@@@@@@@@@@...........................................................................................................................@@@@@@@@@@@..................@@@@@@@@...............................@@@@@@@@@@@@................
