type octile
height 256
width 256
map
..........................................................................@@@@.....................@@T@@@@@@@............................................@@@................@@@@@@@@@@@..........@@@@..........@@...@@@@@@@@@@@@@.....................@@@@@@@T@@
.................................................................................................@@@@@.@@@@@@@.......................................@@@@@@@................@@@@@@@@@@@@.........@@@@.......@@@@@@...@@...@@@@.@@......................@@@@@@@@@
...............................................................................................@@@@@@@..@@@@@@...................@@..@...........@@@@@@@@@@@@...............@@@@@@@@@@............@@@....@@@@@@@@@........@@...........................@@@@@@@@@
..............................................................................................@@@@@@@...@@@....................@@@@@@@@.........@@@@@@@@@@@@@................@@@@@@...............@@...@@@@@@@@@@@......................................@@...@@@
............................................................................................@@@@@@@........................@@@@@@@@@@@@.........@@@@@@@@@@@@.................@@@.....................@@@@@@@@@@@@@...........................................@@.
............................................................................................@@@@@........................@@@@@@@@@@@@@@@......@@@@@@@@@@@@...........................................@@@@@@@@@@@@@..............................................
.............................................................................................@@..........................@@@@@@@@@@@@@@@..@@@@@@@@@@@@@...............................................@@@@@@@@@@...................@@...........................
..............................................................@@.............................@@........................@@@@@@@@@@@@@@@@@@@@@@@@@@@@@@.................................................@@@@@@@@...................@@@@..............@@@@@........
.............................................................@@@@...................................................@@@@@@@@@@@@@@@@@@@@@@@@@@@@@@@@............................................@......@@@@...................@@@@@@@@......@@....@@@@@@@.......
..............................................................@@@...............................................@@@@@@@@@@@@@@@@@@@.@@@@.@@@@@@@@@@@@..........@@............................@@@@......@@..................@@@@@@@@@@@.....@@@@.@@@@@@@@@.......
.........................................................................................................@..@@@@@@@@@@@@@@@@@@@@@...@@...@@@.@@@@@@@@..........@@@.......................@.@@@@@@@.......................@@@@@@@@@@@@@.....@@@@..@.@@@@.........
......................................................................................................@@@@@@@@@@@@@@@@@@@@@@@@@...............@@..@@............@.........@@...........@@@@@@@@@@@....................@@@@@@@@@@@@@@...............@@@@.........
...................................................................................................@@.@@@@@@@@@@@@@@@@@@@@.@@.............................................@@@.......@@@@@@@@@@@@@@..................@@@@@@@@@@@@............@.....@@@@@.@@......
................................................................................................@@@@@.@@@@@@@@@@@@@@@@....................................................@@@......@@@@@@@@@@@@@@................@@@@@@@@@@@@@............@@@@....@@@@@@@@......
..............................................................................................@@@@@@@..@@@@@@@@@@@@@.......................................................@@...@@@@@@@@@@@@@@................@@@@@@@@@@@@.@@.......@...@@@@@@...@@@@@@@@@@.....
...........................................................................................@@@@@@@@@@@.@@@@@@@@@@@.....................................................@@@@@@.@@@@@@@@@@@@@@@...............@.@@@@@@@@@@@.........@@@@@@@@@@@@@.@@@@@.@@@@@.....
.........................................................................................@@@@@@@@@@@@@.@@@@@@.......................................................@@@@@@@@@@@@@@@@@@.@@...............@@@@@..@@@@@@@@..........@@@@@@@@@@@@@@@T@@...@@@@@@....
.........................................................................................@@@@@@@@@@@@@..@@@@...............@@.....................................@@@@@@@@@@@@@@@@@@@..................@@@@@@@.@@@...............@@@@@@@@@@@@@@@@......@@@@@....
..........................................................................................@@@@@@@@@@@@@....................@@@....................................@@@@@@@@@@@@@@@@@@..................@@@@@@@@....................@@@@@@@@@@@@@@@.......@@@@....
..........................................................................................@@@@@@@...@@@.....................@@...............................@@..@@@@@@@@@@@@@.@@...................@@@@@@@@@@....................@@@@@@T@@@@@@@@@.......@@@@...
..................................................................................@@.......@@........@@......................................................@@@@@@@@@@@@@@.........................@@@@@@@@.............@.........@@@TTTT@T@@@@@@......@@@@@@..
............................................................................@@@@@@@@.................@@@....................................@...........@@@@@@@@@@@@@@@@@.......................@@..@@@@@@..............@@.........@..@@TTT@@@@@@@@.....@@@@@@..
...........................................................................@@@@@@@@@@.....@@.........@@@...................................@@@..........@@@@@@@@@@@@@@........................@@@@..@@@@@@@.............@@@..........@@@@@@@@@@@@@@@....@@@@@T@@
..........................................................................@@@@@@@@@@@...@@@@@.........@@.................................@@@@.......@@@.@@@@@@@@@@@@.@@.......................@@@@@....@@@@..............@@...........@@@@@@@@@@@@T@@....@@..@@@
.......................................................................@@@@@@@@@@@@@@...@@@@@.........@@...............................@@@@@......@@@@@@@@@@@@@@@@...@@...............@........@@@@.@@.@@@@@.............@@@@.........@@@@@..@@T@@@@@@........@@
................................................................@@@@.@@@@@@@@@@@@@@.....@@@@@@........@@@.............................@@@@........@@@@@@@@@@@@@@....................@@@........@@@@.@@@@@@@@@.............@@@..........@@.....@@@@@@@@..........
.............................................................@@@@@@@.@@@@@@@@@@@@@.......@@@@@........@@@............................@@@@..........@@@@@@@@@@@....................@@@@@@........@@@@@@..@@@@@@............@@@@..............@@@@@@@@...........@
............................................................@@@@@@@@@@@@@@@@@@@@@@.......@@@@@.........@@.............................@....@@.@@...@@@@@@@@@....................@@@@@@@@..........@@@@...@@@..............@@@@...........@@@@@@@@@...........@@@
.........................................................@@.@@@@@@@@@T@@@@@....@@@@......@@@@@@........@.................................@@@@@@@@...@@@@@@......................@@@@@@@@...........@@......................@@@.@@......@@@@@@@@.............@@@@
........................................................@@@..@@@@@...@@@.........@@......@@@@@@.........................................@@@@@@@@@...@@@..........................@@@@@@.........@@@@@......................@@@@@@@....@@@@@@@...............@@@@
.......................................................@@@@@.@@.....@@@..........@@.......@@@@@........................................@@@@@@@@@@@...............................@@.@@@@@........@@@@@.....................@@@@@@@...@@@@@@..................@@@
......................................................@@@@@@.........@............@@......@@@@@......................................@@@@@@@@@@@@@...................................@@@@........@@@@@.....@................@@@@@....@@@@....................@@@
.....................................................@@@@@@@.......@@@.............@......@@@@@@.........@@..........................@@@@@@@@@@@.....................................@@@@@........@@......@@@................@@.......@.......................@@
....................................................@@@@@@@@.....@@@@@.............@...@@@@@@@@@.......@@@@..................@........@@@@@@.........................................@@@@@...........@@...@@@...................................................
....................................................@@@@@@@......@@@@@@..............@@@@@@@@@.......@@@@@@@.....@@@.......@@@.@@.....@@@@@......................@@...................@@@@.........@@@@....@....................................................
....................................................@@@@@........@@@@@@.............@@@@@@@@@......@@@@@@@@@.@@@@@@@......@@@@@@@@.....@@......................@@@@@..................@@@@@........@@@@@........................................................
.....................................................@............@@@@..............@@@@@@@@@......@@@@@@@@@@@@@@@@@@...@@@@@@@@@@..........................@@.@@@@@..................@@@@@.........@@@@........................................................
..................................................................@@................@@@@@@@@@.......@@@@@@@@@@@@@@@@@..@@@@@@@@@@@@.......................@@@@@T@@@@@..................@@@@@........@@@@........................................................
.....................................................................................@@@@..........@@@@@@@@@@@@@@@@@@...@@@@@@@@@........................@@@@@@T@@@@@..................@@@@@........@@@@@@.@@.................................................@.
.....................................................................................@@............@@@@@@@@.@@@@@@......@@@@@@...........................@@@@@@@.@@@....................@@@@@.......@@@@@@.@@...............................................@@@.
....................................................................................................@@.......@@..........@@.......................@@.....@@@@@@@.@@.....................@@@@@.......@@@@@@@@..............................................@@@@@.
................................................................................................................................................@@@@......@@@@..........................@@@@@@.......@@@@@@@@...........................................@@@@@@..
..............................................................................................................................................@@@@@@@.....@@............................@@@@@@........@@@@@@@...........................................@@@@....
.............................................................................................................................................@@@@@@@@....................................@@@@@........@@@@@@@@........................@@................@@......
.............................................................................................................................................@@@@@@@....@@@..............................@@@@T@@.......@@@@@@@.....................@@@@@........................
...@@@.@@@...................................................................................................................................@@@@@@.....@@@.............................@@@@@@@@@......@@@@@@......................@@@@@@.......................
@@@@@@@@@@@@@@...............................................................................................................................@@@@@@......@@.............................@@@@@@@@@......@@@@@@@....................@@@@@@@....@.@@..@@...........
@@@@@@@@@@@@@@......@.@@@@...................................................................................................................@@@@@....@@@@@..............................@@@@@@@@......@@@@@@@....................@@@@@@..@@@@@@@@@@@@.@@.......
@@@@@@@@@@@@@@......@@@@@@.................@@@@@@.............................................................................................@@@@....@@@@@..............................@@..@@@........@@@@@@@....................@@@@@.@@@@@@@@@@@@@@@@@@@....
@@@@@@@@@@@@@.......@@@@@@@@@..............@@@@@@@@@@@@@@@@.....................................................................................@@....@@@@@@.....@@...@@@@..................@............@@@@@@@...................@@@@...@@@@@@@@@@@@@@@@@@....
@@@@@@@@@@@@@.......@@@@@@@@@@@............@@@@@@@@@@@@@@@@@@@@@......................................................................................@@@@@@...@@@@@@@@@@@@...............@@@@..........@@@@@@@@.........................@@@TTT@@@@@TT@@@@@@@...
@@@@@@@..@@@@.......@@@@@@@@@@@............@@@@@@@@@@@@@@@@@@@@@@@@....................................................................................@@@@@.@@@@@@@@@@@@@@..............@@@@@..........@@@@@@@@@.........................@@TTT@@@@@TT@@@@@@@...
@@@@................@@@@@@@@@@@............@@@@@@@@@@@@@@@@@@@@@@@@............@@......................................................................@@@....@@@@@@@@@@@@@..............@@@@@@..........@@@@@@@@..@......................@@TTTT@@@@TTT@@@@@....
.......................@@@@@@@@............@@@@@@@@@@@@@@@@@@@@@@@@............@@...@@...@....................................................................@@@@@..@@@@@@@.............@@@@@@..@.......@@@@@@@T@@@@@@..........@@@.......@@TTT@@@@@TT@@@@@...@
..........................@@@@@............@@@@@@@@.@@..@@@@@@@@@@@......@@..@@@@@..@@@@@@@@......@............................................................@@.....@@@@@@.....@........@@@@T@@@@.......@@@@..@@@@@@@@.......@@@@@@......@@@T@@@@@@TTT@@@@@@@@
..........................@@@@@...............@@...........@@@@@@@@......@@@@@@@@@@@@@@@@@@@......@@@...@@............................................................@@@........@@.......@@..@@@@@.......@@...@@@@@@@@@.......@@@@@........@@@@@@@@@@TT@@@@@@@@
..........................@@@@@@............................@.@@@@@.......@@@@@@@@@@@@@@@@@@@@..@@@@@@@.@@...@@@................................................................@@............@@@@@@...........@@@@@@@@@........@@@@@.......@@@@@@@@@@TTT@@@@@@@
.........................@@@@@@@..............................@@@@@......@@@@@@@@@@@@@@@@@@@@@..@@@@@@@@@@@..@@@................@@..............................................@@..@..........@@@@@............@@@@@@@@@........@@@@........@@@@@@@@@@TT@@@@@@@
.....@@@@................@@@@@@@..............................@@@@@.....@@@@@@@@@@@@@@@@@@@@@...@@@@@@@@@@@@@@@@@.@@............@@@@@...............................................@@@........@@@@@..........@@@...@@@@@.......@@@@@@........@@...@@@@TTT@@@TT@
..@@@@@@@.................@@@@@.......................................@@@@@@@......@@@@@@@@@@...@@@@@@@@@@@@@@@@@@@@...........@@@@@@@@@...........................................@@@@........@@@@@@.......@@@@....@@@@@@......@@@@@@.............@@@@@TTTTTTTT
@@@@@@@@@................@@@@@@.......................................@@@@@@@............@@.....@@@@@@@@@@@@@@@@@@@@...........@@@@@@@@@@@@........................................@@@@@..@@@.@@@@@@@.......@@@@@....@@@@@......@@@@@@@............@@@@@TTTTTTTT
@@@@@@@@@@...............@@@@@@.......................................@@@@@@@......................@@.@@@@@@@@@@@@@@@@@.........@@@@@@@@@@@@@@....................................@@@@@@@.@@@.@@@@@@........@@@@@....@@@@@@......@@@@@@..........@@@@@@@@TTTTT@T
@@@@@@@@@@@@@............@@@@@@@......................................@@@@@@................................@@@@@@@@@@@........@@@@@@@@@@@@@@@@@@..................................@@@@@@@@@@@@@@@@.........@@@@@.....@@@@@.......@@@@@@........@@@@@@@@@TTTT@@T
@@@@@@@@@@@@@............@@@@@@@......................................@@@@@@@...................................@@@@@@@........@@@@@@@@@@@@@@@@@@@@..................................@@@@@.@@@TT@............@@@@@.....@@@@@.......@@@@.........@@@@@@@@@@TTT@@@
@@@@@@@@@@@@@@...........@@@@@@......................................@@@@@@@@...................................@@@@@@.........@@@@@@@@@@@@@@@@@@@@@@@................................@@@..@@@T@@@...........@@@@@.....@@@@@.......@@TT@@........@@@.@@@@@TTTT@@
@..@@@.@@@@@@@...........@@@@@@......................................@@@@@@@@....................................@@@@@.........@@@@@@@@@@@@@@@@@@@@@@@@@@...............................@...@@@@@@...........@@@........@@@@@........@@@@@............@@@@TTTT@T
.......@@@@@@@...........@@@@@@......................................@@@@@@@.....................................@@@@...........@@@@@@@@@@@@@@@@@@@@@@@@@@@@................................@@@@@@@...@@................@@@@@.......@@@@@@............@@@@@TTTTT
........@@@@@...........@@@@@@................@@@@@@@.@@.............@@@@@@@......................................@.............@@@@@@@@@@@@@@@@@@@@@@@@@@@@@@@..............................@@@@@@.@@@@.................@@@@.......@@@@@@@...........@@@@@TTTTT
........@@@@@...........@@@@@@................@@@@@@@@@@@@@@@..........@@@@@....................................................@@@@@@@.....@@@@@@@@@@@@@@@@@@@@@@...........................@@@@@@@@@@@@................@@@@@.......@@@@@@.........@@@@@@@@TTTT
........@@@@@@..........@@@@@@@...............@@@@@@@@@@@@@@@.........@@@@@@....................................................@@@@@@@.........@..@@@@@@@@@@@@@@@@@..........................@@@@@@@@@@@.........@@.....@@@@@.......@@@@@@@@@.....@@@@@@@@@TTT@
........@@@@@@..........@@@@@@@...............@@@@@@@@@@@@@@@........@@@@@@@.....................................................@@@@.................@@@@@@@@@@@@@..............................@@@@@@@@.......@@@@......@@@@........@@@@@@@@@@....@@@@@@@@TTTT
........@@@@@@..........@@@@@@................@@@@@@@@@@@@@@@.........@@@@@......................................................@@@@@..................@@@@@@@@@@@@@............................@@@@@@@@@.....@@@@@@.....@@@@........@@@@@@@@@......@...@@@@T@@
.......@@@@@@@..........@@@@@@...............@@@@@@@@@@@@@@@@........@@@@@@.......................................................@@@@....................@@@@@@@@@@...@@@........................@@@@@@@@......@@@@@.....@@@@@........@@@@@@@@@.........@@@@@@@
.......@@@@@@@.............@@@...............@@@@@@@@@@@@@@@.........@@@@@@@......................................................@@@@......................@@@@@@@@.@@@@@..........................@@@@@........@@@@......@@@@........@@@@@@@@@..........@@.@@@
........@@@@@@...............................@@@@@@@@@@@@@@@........@@@@@@@@.............................................@........@@@@@........................@@@@..@@@@@@..........................@@@.........@@TT@.....@@@@@........@@@@@@@@..............@@
........@@@@@@...............................@@@@@@@@@@@@@@@........@@@@@@@............................................@@@@........@@@@@.........................@@...@@@@@........................................@@@.....@@@@@........@@@@@@@@@.............@.
.......@@@@@@....................................@@@@@@@@@@@.........@@@@@@..........................................@@@@@@@.......@@@@@@@............................@@@@@@..@@@.................................@@@@.....@@@@@@.......@@@@@@@@@@@.........@...
.......@@@@@@.............@@@@@@........................@@@@.........@@@@@@........................................@@@@@@@@........@@@@@@@@............................@@@@@@@@@@@................................@@........@@@@@........@@@@@@@@@........@@@@@.
......@@@@@@@............@@@@@@.................................................................................@@@@@@@@@@@@........@@@@@@.............................@@@@@@@@@@@@@.................................@......@@@@@@.......@@@@@...........@@@@@@@
......@@@@@@@............@@@@@@@............@@@@.@@......................................@@@..................@@@@@@@@@@@@@@........@@@@@@@.............................@@@@@@@@@@@@@...............................@@@.....@@@@@@........@@@@@...........@@@@@@
........@@@@@............@@@@@@@............@@@@@@@@@@@@@...........................@@@@@@@@..............@@.@@@@@@@@@@@@@@@@........@@@@@@@.............................@@@@@@@@@@@@@.............................@@@@......@@@@@@.......@@@@@........@@@@@@@@.
........@@@@@............@@@@@@@............@@@@@@@@@@@@@@@....................@@@@@@@@@@@@@.............@@@@@@@@@@@@@@@@@@@@........@@@@@@@.............................@@@@@@@@@@@@@.@@..........................@@@@@.....@@@@@@.......@@@@@@.....@@@@@@@@...
.......@@@@@@@@@@@@......@@@@@@@............@@@@@@@@@@@@@@@..................@@@@@@@@@@@@@@@@...........@@@@@@@@@@@@@@@@@@@@@@@.......@@@@@@@.......................@@....@@@@@@@@@@@@@@@..........................@@@@@.....@@@@@@........@@@@@..@@@@@@@@@.....
.......@@@@@@@@@@@@@@@@@@@@@@@.............@@@@@@@@@@@@@@@@..................@@@@@@@@@@@@@@@@.........@@@@@@@@@@@@@@@@@@@@@@@@@.......@@@@@@@@@@...................@@@@@..@@@@@@@@@@@@@@@@..........................@@.......@@@@@@@.......@@@@@@@@@@T@@@@@@....
........@@@@@@@@@@@@@@@@@@@@@@.............@@@@@@@@@@@@@@@@..................@@@@@@@@@@@@@@@@........@@@@@@@@@@@@@@@@@@@@@@@@@@........@@@@@@@@@.................@@@@@@....@@@@@@@@@@@@@@@....................................@@@@@@.......@@@@@@@@@@@@@@@@@....
........@@@@@@@@@@@@@@@@@@@@@@.............@@@@@@@@@@@@@@@....................@@@@@@@@@@@@@..........@@@@@@@@@@@@@@@@@@@@@@@@@@........@@@@@@@@@@..............@@@@@@@@@...@@@@@.@@@@@@@@@@...................................@@@@@@........@@@@@@@@@@.@@@......
..........@@@@@@@@@@@@@@@@@@@..............@@@@@@@@@@@@@@@....................@@@@@....@@............@@@@@@@@@@@@@@@@@@@@@@@@@@.........@@@@@@@@.......@@.....@@@@@@@@@.....@@...@@@@@@@@@@....@@..............................@@@@@@.......@@@@@@@@@...........
.............@@@@@@@@@@@@@@@@................@@@@@@@@@@@@@....................@@@@@..................@@@@@@@@@@@@.....@@@@@@@@@@........@@@@@@@@.....@@@@@.....@@@@@@.............@@@..@@....@@@@@.............................@@@@@@........@@...@.............
.............@@@@..@@@@@.@@........................@@@@@@@...........................................@@@@@@@@@@@@......@@@@@@@@@@........@@@@@@.....@@@@@@.....@@@@@..........................@@@@@............................@@@@@@@..........................
......................@@.............................................................................@@@@@@@@@@@.......@@@@@@@@@@........@@...@......@@@@@@.....@@......................@@...@@@@@@@..........................@@@@@@@@..........................
.....................................................................................................@@@@@..@@.........@@@@@@@@@@@...................@@@@@@...........................@@@@@..@@@@@@@..........................@@@@@@@@@.........................
.....................................................................................................@@@@..............@@@@@@@@@@@....................@@@@@@........................@@@@@@@...@@@@@@...........................@@@@@@@@........................@
.....................................................................................................@@@................@@@@@@@@@@.....................@@@@@.......................@@@@@@@@@..@@@@@............................@@@@@@........................@@@
.........................................................................................................................@@@@@@@@@@.....................@@@@@.......................@@@@@@@@...@@.....@@........................@@.........................@@@@@
..............................................................................................@..........................@@@@@@@@@@.....................@@@@........................@@@@@@@.........@@@@@................................................@@@@@@@
...........................................................................................@@@@...........................@@@@@@@@@@.....................@...........................@@@@@@@@@.......@@@@@.............................................@@@@@@@@@
..........................................................................................@@@@@...........................@@@@@@@@@@..................................................@@@@@@@@.......@@@@@@.......................................@@..@@@@@@@@@.
.........................................................................................@@@@@@......@@@@@................@@@@@@@@@@@..................................................@@@@@@@........@@@@@....................................@@@@@@@@@@@@@@...
........................................................................................@@@@@@@......@@@@@.................@@@@@@@@@@..................................................@@@@@@.........@@@@@@...................................@@@@@@@@@@@@@@...
@@@@@@@@@@@@@@@@@.......................................................................@@@@@@@......@@@@@..................@@@@@@@@@.....................................................@............@@@@@.................................@@T@@@@@@@@@@@@....
@@@@@@@@@@@@@@@@@......................................................................@@@@@@@@......@@@@@..................@@@@@@@@@@.................................................................@@@@................................@@@@@@@@@@.@@@@......
@@@@@@@@@@@@@@@@@@@@...................................................................@@@@@@@@......@@@@@..................@@@@@@@@@@....................................................................@@@...........................@@@@@@@@T@@....@........
@@@@@@@@@@@@@@@@@@@@..................................................................@@@@@@@@@......@@@@@..................@@@@@@@@@@@.........................................................@@....@@@@@@@@.........................@@@@@@@@@@...............
@@@@@@@@@@@@@@@@@@@@..................................................................@@@@@@@@@.......@@@@..................@@@@@@@@@@@.......................................................@@@@....@@@@@@@@.........................@@@@@@@@@................
@@@@@@@@@@@@@@@@@@@@..................................................................@@@@@@@@@.......@@@@..................@@@@@@@@@@@......................................................@@@@@@...@@@@@@@..........................@@@@@@@@.................
@@@@@@@@@@@@@@@@@@@..................@@@@@............................................@@@@@@@@........@@@@...............@@@@@@@@@@@@@.....................................................@@@@@@@@....@@@..............................@@@@@...................
@@@@@@@@@@@@@@@@@@@..................@@@@@@@..........................................@@@@@@@@........@@@@..............@@@@@@@@@@@@......................................................@@@@@@@@@@.....................................@@@@...................
@@@@@@@@@@@@@@@@@@....................@@@@@@@.........................................@@@@@@@@........@@@@..............@@@@@@@@@@@.......................................................@@@@@@@@@@............................................................
@@@@@@...@@@@.........................@@@@@@@@@.......................................@@@@@@@@.........................@@@@@@@@@@@@........................................................@@@@@@@..............................................................
@@@@@@.................................@@@@@@@@@......................................@@@@@@@@........................@@@@@@@@@@@@@........................................................@@@@@.......................@........................................
@@@@@@.................................@@@@@@@@@@.....................................@@@@@@@@.......................@@@@@@@@@@@@@..........................................................@@.......................@@@@................................@@.....
@@@@@@..................................@@@@@@@@@.....................................@@@@@@@@.......................@@@@@@@@@@@....................................................................................@@@@@@.............................@@@@@....
@@@@@@@.................................@@@@@@@@@@....................................@@@@@@@@........................@@@@@@@@@....................................................................................@@@@@@@@....................@......@@@@@@....
@@@@@@@@.................................@@@@@@@@@....................................@@@@@@@@........................@@@@@@@@......................................................................................@@@@@@T@...................@@.....@@@@@@@...
@@@@@@@@.................................@@@@@@@@@@...................................@@@@@@@@.........................@@@@@@@.......................................................................@................@@@T@@@...................@......@@@@@@...
@@@@@@@@..................................@@@@@@@@@...................................@@@@@@@@.........................@@@@@@....................................................................@@@@@@................@T@@@@@@........................@@@@@@@..
@@@@@@@@..@@..............................@@@@@@@@@@..................................@@@@@@@@..........................@@@@...................................................................@@@@@@@@.................@@@@@@@@........................@@@@@@..
@@@@@@@@@@@@@@@@@@.........................@@@@@@@@@.................................@@@@@@@@@..........................@@@.....................................................................@@@@@@.................@@@@@@@@.........................@@@@@@@.
@@@@@@@@@@@@@@@@@@@@@@@@...................@@@@@@@@@@................................@@@@@@@@@...........................@......................................................................@@@@@@..................@@@@@@..........................@@@@@@@.
@@@@@@@@@@@@@@@@@@@@@@@@@@.................@@@@@@@@@@................................@@@@@@@@@...................................................................................................@@@..........@.@........@@@@@.@@...@@...................@@@@@@@
@@@@@@@@@@@@@@@@@@@@@@@@@@..................@@@@@@@@@................................@@@@@@@@@.............@@@@..............................................................................................@@@@.........@@@@@@@@@@@@@...................@@@@@@
@@@@@@@@@@@@@@@@@@@@@@@@@...................@@@@@@@@@@...............................@@@@@@@@.............@@@@@............................................................................................@@@@@@..........@@@@@@@@@@@@@..................@@@@.@
@@@@@@@@@@@@@@@@@@@@@@@@@....................@@@@@@@@@...............................@@@@@@@@............@@@@@@@..........................................................................................@@@@@@@@.........@@@@@@@@@@@@@.......................@
....@@@@@@@@@@@@@@@@@@@@@.....................@@@@@@@@@..............................@@@@@@@@...........@@@@@@@@.........................................................................................@@@@@@@@@@........@@@@@@@@@@@@@........................
.........@@@@@@@@@@@@@@@@.....................@@@@@@@@@@.............................@@@@@@@@...........@@@@@@@@.......................................................................................@@@@@@@@@@.........@@@@@@@@@@@@@.........................
............@@@@@@@@@@@@@......................@@@@@@@@@.............................@@@@@@@@...........@@@@@@@@......................................................................................@@@@@@@@@...........@@@@@..@@@@@..........................
....................@@@@@......................@@@@@@@@@@...........................@@@@@@@@...........@@@@@@@@@.....................................................................................@@@@@@@@@.............@@.....@@@...........................
................................................@@@@@@@@@...........................@@@@@@@@...........@@@@@@@@@......................................................................................@@@@@@.......................@............................
.................................@@.............@@@@@@@@@...........................@@@@@@@@..........@@@@@@@@@@..................................................................@...................@@@@@.....................................................
................................@@@@@............@@@@@@@@@..........................@@@@@@@@..........@@@@@@@@@@................................................................@@@@...................@@@....................................@.................
................................@@@@@@...........@@@@@@@@@..........................@@@@@@@@.........@@@@@@@@@@................................................................@@@@@@...................@....................................@@@................
................................@@@@@@@...........@@@@@@@@@.........................@@@@@@@@.........@@@@@@@@@@......................................@........................@@@@@@@......................@@...............................@@@@@...............
................................@@@@@@@@...........@@@@@@@@.........................@@@@@@@@.........@@@@@@@@@@.....................................@@@.....................@@@@@@@@@@.....................@@@@............................@@@@@@@..............
................................@@@@@@@@...........@@@@@@@@@........................@@@@@@@@.........@@@@@@@@@@...................................@@@@@....................@@@@@@@@@@@@.....................@@..............................@@@@@@@.............
................................@@@@@@@@@..........@@@@@@@@@@.......................@@@@@@@@.........@@@@@@@@@@..................................@@@@@@@.................@@@@@@@@@@@@@@@......................................................@@@@..............
................................@@@@@@@@@...........@@@@@@@@@......................@@@@@@@@@.........@@@@@@@@@..................................@@@@@@@@@...............@@@@@@@@@@@@@@@@@............................@..........................@......@........
................................@@@@@@@@@@..........@@@@@@@@@@.....................@@@@@@@@@.........@@@@@@@@@................................@@@@@@@@@@@@.............@@@@@@@@@@@@@@@@@@@.........................@@@@...................@...........@@@.......
.................................@@@@@@@@@...........@@@@@@@@@.....................@@@@@@@@@.........@@@@@@@@................................@@@@@@@@@@@@@@..........@@@@@@@@@@@@@@@@@@@@@........................@@@@@.........@........@@@.........@@@@.......
.................................@@@@@@@@@@..........@@@@@@@@@.....................@@@@@@@@..........@@@@@@@@...............................@@@@@@@@@@@@@@@.........@@@@@@@@@@@@@@@@@@@@@@@........................@@@@@........@@.......@@@@.......@@@@@@......
..................................@@@@@@@@@...........@@@@@@@@@....................@@@@@@@@..........@@@@@@@.................................@@@@@@@@@@@@@@@.......@@@@@@@@@@@@@@@@@@@@@@@@@........................@@@.........@.......@@@@@@.......@@@@@@@....
..................................@@@@@@@@@@..........@@@@@@@@@@...................@@@@@@@@..........@@@@@@@.................................@@@@@@@@@@@@@@@.....@@@@@@@@@@@@@@@@@@@@@@@@@@@@.....................@.@@...............@@@@@@@@.........@@@@@@@...
..................................@@@@@@@@@@...........@@@@@@@@@@..................@@@@@@@...........@@@@@@..............@@@@.................@@@@@@@@@@@@@@@...@@@@@@@@@@@@@@@@.@@@@@@@@@@@@@@.................@@@@@@..............@@@@@@@@...........@.@@@@...
...................................@@@@@@@@@@...........@@@@@@@@@.................@@@@@@@@...........@@@@@@............@@@@@@@@...............@@@@@@@@@@@@@@@....@@@@@@@@@@@@@.....@@@@@@@@@@@@@...............@@@@@@@.............@@@@@@@@................@@@@.
...................................@@@@@@@@@@...........@@@@@@@@@@................@@@@@@@@............@@@@...........@@@@@@@@@@@@..............@@@@@@@@@@@@@@@...@@@@@@@@@@@@.......@@@@@@@@@@@@@...............@@@@@.............@@@@@@@@@...............@@@@@@
....................................@@@@@@@@@............@@@@@@@@@@...............@@@@@@@@.............@@...........@@@@@@@@@@@@@...............@@@@@@@@@@@@@@....@@@@@@@@@@..........@@@@@@@@@@@@...............@@................@@@@@@@...............@@@@@@@
.....................................@@@@@@@@.............@@@@@@@@@...............@@@@@@@@.........................@@@@@@@@@@@@@@...............@@@@@@@@@@@@@@@....@@@@@@@...........@@@@@@@@@@@@@@..............................@@@@@@@@............@.....@@@@@
.....@@@@.....@@.....................@@@@@@@@@............@@@@@@@@@...............@@@@@@@@........................@@@@@@@@@@@@@@@................@@@@@@@@@@@@@......@@@@@............@@@@@@@@@@@@@@@@...........................@@@@@@@@............@@@@....@@@@
.....@@@@@@@@@@@......................@@@@@@@@.............@@@@@@@@@..............@@@@@@@@.......................@@@@@@@@@@@@@.@@.................@@@@@@@@@@........@@@@............@@@@@@@@@@@@@@@@@@.........................@@@@@@@@...........@@@@@@@....@@@
.....@@@@@@@@@@@......................@@@@@@@@..............@@@@@@@@.............@@@@@@@@@......................@@@@@@@@@@@@@@.....................@@@@@@@@..........@.............@@@@@@@@@@@@@@@@@@@@.......................@@@@@@@@@@.........@@@@@@@......@@
.....@@@@@@@@@@@.......................@@@@@@@..............@@@@@@@@@............@@@@@@@@@.....................@@@@@@@@@@@@@@......................@@@@@@..........................@@@@@@@@@@@@@@@@@@@@@................@.....@@@@@@@@@.........@@@@@@@........@
.....@@@@@@@@@@@........................@@@@@@...............@@@@@@@@@...........@@@@@@@@@....................@@@@@@@@@@@@@@@.......................@@@@..........................@@@@@@@@@@@@@@@@@@@@@@@@.............@@@@..@@@@@@@@@..........@@@@@@..........
.....@@@@@@@@@@@..........................@@@................@@@@@@@@@@..........@@@@@@@@@...................@@@@@@@@@@@@@@@.........................@...........................@@@@@@@@@@@@@@.@@@@@@@@@@@............@@@@@..@@@@@@@@.........@@@@@@@@.........
.....@@@@@@@@@@@...........................@.................@@@@@@@@@@..........@@@@@@@@@...................@@@@@@@@@@@@@@@.....................................................@@@@@@@@@@@@@@..@@@@@@@@@@@..........@@@@@@@..@@@@.@.........@@@@@@@@@.........
.....@@@@@@@@@@@..............................................@@@@@@@@@@........@@@@@@@@@@..................@@@@@@@@@@@@@@@.....................................................@@@@@@@@@@@@@@....@@@@@@@@@@@...........@@@@@...@.............@@@@@@@@..........
.....@@@@@@@@@@@..............................................@@@@@@@@@@@......@@@@@@@@@@.................@.@@@@@@@@@@@@@@.......................................................@@@@@@@@@@@@@......@@@@@@@@@@@........@@@@@@@...............@@@@@@@@@..........
.....@@@@@@@@@@@..............................................@@@@@@@@@@@@...@@@@@@@@@@@@.................@@@@@@@@@@@@@@@.........................................................@@@@@@@@@@@........@@@@@@@@@@@........@@@@@...............@T@@@@@@@...........
.....@@@@@@@@@@@...............................................@@@@@@@@@@@@@@@@@@@@@@@@@@.................@@@@@@@@@@@@@@............................................................@@@@@@@@..........@@@@@@@@@@@........@@@...............@@@@@@@@@............
.....@@@@@@@@@@@................................................@@@@@@@@@@@@@@@@@@@@@@@@@.................@@@@@@@@@@@@@..............................................................@@@@@@@.........@@@@@@@@@@@@@........@...............@@@@@@@@@.............
.....@@@@@@@@@@@................................................@@@@@@@@@@@@@@@@@@@@@@@@..................@@@@@@@@@@@.................................................................@@@@@..........@@@@@@@@@@@@@@.....................@@@@@@@@.@..............
.....@@@@@@@@@@@..................................@@@@...........@@@@@@@@@@@@@@@@@@@@@@@..................@@@@@@@@@@....................................................................@@@.........@@@@@@@@@@@@@@@@@...................@@@@@@@.................
.....@@@@@@@@@@@............................@@@@@@@@@@@@..........@@@@@@@@@@@@@@@@@@@@@............@.........@@@.........................................................................@.........@@@@@@@@@@@@@@@@@@@.................@@@@@@@..................
.....@@@@@@@@@@@..........................@@@@@@@@@@@@@@...........@@@@@@@@@@@@@@@@@@@...........@@@@@.............................................................................................@@@@@@@@@@@@@@@@@@@@................@@@@@@...................
.....@@@@@@@@@@@........................@@@@@@@@@@@@@@@@............@@@@@@@@@@@@@@@@@...........@@@@@@............................................................................................@@@@@@@@@@@@@@@@@@@@................@@@@@.....................
......@@@@@@@@@@.......................@@@@@@@@@@@@@@@@@..............@@@@@@@@@@@@@............@@@@@@@@.....................@@@@@@@@@@...........................................................@@@@@@@@@@@@@@@@@@@@..................@@@......................
......@@@@@@@@@@.....................@@@@@@@@@@@@@@@@@@@................@@@@@@@@@@.............@@@@@@@@@.................@@@@@@@@@@@@@@@@@@@....................................................@@@@@@@@@@@@@@@.@@@@@....................@......................
......@@@@@@@@@@..................@@@@@@@@@@@@@@@@@@@@@.......................................@@@@@@@@@@@..............@@@@@@@@@@@@@@@@@@@@@@@..................................................@@@@@@@@@@@@@@@..@@@............................................
......@@@@@@@@@@..................@@@@@@@@@@@@@@@@@@@@........................................@@@@@@@@@@@@.............@@@@@@@@@@@@@@@@@@@@@@@@@...............................................@@@@@@@@@@@@@@@....@.............................................
......@@@@@@@@@@..................@@@@@@@@@@@@@@@@@@@.........................................@@@@@@@@@@@@.............@@@@@@@@@@@@@@@@@@@@@@@@@@.................................@@............@@@@@@@@@@@@@...................................................
......@@@@@@@@@@.................@@@@@@@@@@@@@@@@@@...........................................@@@@@@@@@@@@.............@@@@@@@@@@@@@@@@@@@@@@@@@@...............................@@@@@............@@@@@@@@@@@....................................................
......@@@@@@@@@@.................@@@@@@@@@@@@@@@@@............@@@.............................@@@@@@@@@@@@.............@@@@@@@@@@@@@@@@@@@@@@@@@.............................@@.@@@@@@.............@@@@@@@@@.............................................@......
......@@@@@@@@@@.................@@@@@@@@@@@@@@@@@@.........@@@@@@@...........................@@@@@@@@@@@@@............@@@@@@@@@@@@@@@@@@@@@@@@@............................@@@@@@@@@@@.............@@@@@@@............................................@.@@.....
......@@@@@@@@@@.................@@@@@@@@@@@@.@@@@@.........@@@@@@@@@.........................@@@@@@@@@@@@@.................@@@@@@@@@@@@@@@@@@@@.........................@@.@@@@@@@@@@@..............@@@@@............................................@@@@@@@...
......@@@@@@@@@@.................@@@@@@@@@@@..@@@@..........@@@@@@@@@@@.......................@@@@@@@@@@@@@.....................@@@@@@@@@@@@@..........................@@@@@@@@@@@@@@@@@@..............@@@...........................................@@@@@@@@@..
......@@@@@@@@@@...................@@@@@@@..................@@@@@@@@@@@@.......................@@@@@@@@@@@@...........................................................@@@@@@@@@@@@@@@@@@@@..............@............................................@@@@@@@@...
......@@@@@@@@@@......................@@.....................@@@@@@@@@@@@......................@@@@@@@@@@@@............................................................@@@@@@@@@@@@@@@@@@@@.........................................................@@@@@@@@....
......@@@@@@@@@@.............................................@@@@@@@@@@@@@.....................@@@@@@@@@@@@............................................................@@@@@@@@@@@@@@@@@@@@@@.........................................................@@@@......
......@@@@@@@@@@..............................................@@@@@@@@@@@@@@...................@@@@@@@@@@@@.............................................................@@@@@@@@@@@@@@@@@@@@@@..................................................................
......@@@@@@@@@@..............................................@@@@@@@@@@@@@@@..................@@@@@@@@@@@@..............................................................@@@@@@@@@.@@@@@@@@@@@@.................................................................
......@@@@@@@@@@...............................................@@@@@@@@@@@@@@..................@@@@@@@@@@@@...............................................................@@@.@@....@@@@@@@@@@@@................................................................
...................................................@............@@@@@@@@@@@@@@..................@@@@@@@@@@@..........................................................................@@@@@@@@@@@@...............................................................
..............................................@@@@@@@@...........@@@@@@@@@@@@@@.................@@@@@@@@@@@...............@@@@@.@@@...................................................@@@@@@@@@@@@..............................................................
............................................@@@@@@@@@@............@@@@@@@@@@@@@@.................@@@@@@@@@................@@@@@@@@@@...................................................@@@@@@@@@@@@.............................................................
..........................................@@@@@@@@@@@@.............@@@@@@@@@@@@@@.................@@@@@@@@................@@@@@@@@@@@@@@.................................................@@@@@@@@@.............................................................@
.........................................@@@@@@@@@@@@@...............@@@@@@@@@@@@..................@@@@@@.................@@@@@@@@@@@@@@@...........................@......................@@@@@@@@.............................................................
........................................@@@@@@@@@@@@@@................@@@@@@@@@@@...................@@@@@................@@@@@@@@@@@@@@@@@@........................@@@@.....................@@@@@@@@.@......................................@@@.................
.......................................@@@@@@@@@@@@@@..................@@@@@@@@@@@...................@@@.................@@@@@@@@@@@@@@@@@@@@@....................@@@@@@@..................@@@@@@@@@@@@.................................@.@@@@@@................
......................................@@@@@@@@@@@@@@@...................@@@@@@@@@@.........................................@@@@@@@@@@@@@@@@@@@...................@@@@@@@@@@.................@@@@@@@@@@@@..............................@@@@@@@@@@@...............
.....................................@@@@@@@@@@@@@@@......................@@@@@@@...........................................@@@@@@@@@@@@@@@@@@@.................@@@@@@@@@@@@@................@@@@@@@@@@@@..........................@@@@@@@@@@@@@@@@.............
.....................................@@@@@@@@@@@@@@.........................@@@@@.............................................@@@@@@@@@@@@@@@@@@@..............@@@@@@@@@@@@@@@@..............@@@@@@@@@@@@@.......................@@@@@@@@@@@@@@@@@@@............
....................................@@@@@@@@@@@@@@.............................................................................@@@@@@@@@@@@@@@@@@@..............@@@@@@@@@@@@@@@@@.........@@@@@@@@@@@@@@@.......................@@@@@@@@@@@@@@@@@@@@@...........
...................................@@@@@@@@@@@@@@@................................................................................@@@@@@@@@@@@@@@@................@@@@@@@@@@@@@@@@......@@@@@@@@@@@@@@@........................@@@@@@@@@@@@@..@@@@@@............
...................................@@@@@@@@@@@@@@...........@@@@@@..................................................................@@@@@@@@@@@@@...................@@@@@@@@@@@@@@....@@@@@@@@@@@@@.@........................@@@@@@@@@@@@@@...@@@@@@@...........
.................................@@@@@@@@@@@@@@@..........@@@@@@@@@....................................................................@@@@@@@@@@.....................@@@@@@@@@@@@..@@@@@@@@@@@@@@.........................@@@@@@@@@@@@@.......@@@@@@@@.........
.................................@@@@@@@@@@@@@@...........@@@@@@@@@..........................................@@@@@@@......................@@@@@@.......................@@@@@@@@@@@@@@@@@@@@@@@@@@@@.......................@@@@@@@@@@@..........@@@@@@@@@........
.................................@@@@@@@@@@@@............@@@@@@@@@@..................@@@@...................@@@@@@@@@@.........................@.........................@@@@@@@@@@@@@@@@@@@@@@@@@.........................@@@@@@@@@............@@@@@@@@........
.......................@@........@@@@@@@@@@...............@@@@@@@@@.................@@@@@@@.................@@@@@@@@@@@@@.................................................@@@@@@@@@@@@@@@@@@@@@@.......................@@@@@@@@@@@@..............@@@@@@@@.......
..............@@@@.@@@@@@.........@@@@@@@@................@@@@@@@@@@@..............@@@@@@@@.................@@@@@@@@@@@@@..................................................@@@@@@@@@@@@@@@@@@@.......................@@@@@@@@@@@@@................@@@@@@........
..........@@@@@@@@@@@@@@@..........@@@@...................@@@@@@@@@@@@.............@@@@@@@@..................@@@@@@@@@@@@@...................................................@@@@@@@@@@@@@@@........................@@@@@@@@@@@@@.................@@@@@@@.......
.......@@@@@@@@@@@@@@@@@@..................................@@@@@@@@@@@.............@@@@@@@@...................@@@@@@@@@@@@@...................................................@.@@@@@@@@@@.........................@@@@@@@@@@@@....................@@@@@@.......
.@@@@@@@@@@@@@@@@@@@@@@@...................................@@@@@@@@@@@@...........@@@@@@@@@...................@@@@@@@@@@@@@@@...................................................@@@@@@@@..........................@@@@@@@@@@@@......................@@@@@.......
.@@@@@@@@@@@@@@@@@@@@@@@...................................@@@@@@@@@@@@...........@@@@@@@@@...................@@@@@@@@@@@@@@@@...................................................@@@@@@@........................@@@@@@@@@@@@.......................@@@@@@@......
.@@@@@@@@@@@@@@@@@@@@@@@...................................@@@@@@@@@@@@@..........@@@@@@@@@....................@@@@@@@@@@@@@@@@....................................................@@@@........................@@@@@@@@@@@@......................@@@@@@@@.......
.@@@@@@@@@@@@@@@@@@@@@@@....................................@@@@@@@@@@@@..........@@@@@@@@@@.....................@@@@@@@@@@@@@@@....................................................@..........................@@@@@@@@@@.......................@@@@@@@@@.......
.@@@@@@@@@@@@@@@@@@@@@......................................@@@@@@@@@@@...........@@@@@@@@@@.....................@@@@@@@@@@@@@@@@...............................................................................@@@@@@@........................@@@@@@@@@........
.@@@@@@@@@@@@@@@@@...........................................@@@@@@@@@@@.........@@@@@@@@@@@......................@@@@@@@@@@@@@@@@...........................................................................@@@@@@@@@.........................@@@@@@@..........
.@@@@@@@@@@@@@...............................................@@@@@@@@@@@.........@@@@@@@@@@@.........@@@............@@@@@@@@@@@@@@.........................................................................@@@@@@@@@@.........................@@@@@@@@@.........
.@@@@@@@.....................................................@@@@@@@@@@@.........@@@@@@@@@@@........@@@@@..............@@@@@@@@@@@........................................................................@@@@@@@@@.........................@@@@@@@@@@..........
@@@@@@......................@.................................@@@@@@@@@@@........@@@@@@@@@@@........@@@@@@..............@@@@@@@@@@..................................................................@@@@@@@@@@@@@@.........................@@@@@@@@@............
@@@@@@.....................@@..................................@@@@@@@@@.........@@@@@@@@@@@.......@@@@@@@@@.............@@@@@@@@...................................................................@@@@@@@@@@@@@@@......................@@@@@@@@@@.............
@@@@@@@@...................@....................................@@@@@@@@.........@@@@@@@@@@@.......@@@@@@@@@.................@@@....................................................................@@@@@@@@@@@@@@.....................@@@@@@@@@@@..............
@@@@@@@@........................................................@@@@@@@@.........@@@@@@@@@@........@@@@@@@@@........................................................................................@@@@@@@@@@@@......................@@@@@@@@@@@...............
@@@@@@@@.........................................................@@@@@@@.........@@@@@@@@@@........@@@@@@@@@@.......................................................................................@@@@@@@@@.@......................@@@@@@@@@@@...............@
@@@@@@@..............@.............................................@@@@@..........@@@@@@@@@........@@@@@@@@@@.......................................................................................@@@@@@@@.......................@@@@@@@@@@@@................@
@@@@@@@.............@@@@............................................@@@...........@@@@@@@@@........@@@@@@@@@@@............................................................................@@@@@@@@@@@@@@..........................@@@@@@@@@@@..................@
@@@@@@@............@@@@@@@@.......................................................@@@@@@@@@........@@@@@@@@@@@.....................................................................@@@@.@@@@@@@@@@@@.............................@@@@@@@@@@@..................@@
@@@@@@@............@@@@@@@@@@.....................................................@@@@@@@@.........@@@@@@@@@@@....................................................................@@@@@@@@@@@@@@@@@@.....................@@@@@@@@@@@@@@@@@....................@@
@@@@@@@...........@@@@@@@@@@.......................................................@@@@@@..........@@@@@@@@@@@.................................................................@@@@@@@@@@@@@@@@@@@@@....................@@@@@@@@@@@@@@@@...................@@...
@@@@@@@..........@@@@@@@@@.........................................................@@@@@@..........@@@@@@@@@@@.................................................................@@@@@@@@@@@@@@@@@@@@@....................@@@@@@@@@@@@@@@@...................@@@@.
@@@@@@..........@@@@@@@@@..............@@...@@.......................................@@.............@@@@@@@@@@@.............................................................@.@@@@@@@@@@@@@@@@@@@@@@....................@@@@@@@@@@@@@@@...................@@@@@@
@@@@@@.........@@@@@@@@@@.............@@@@@@@@@@....................................................@@@@@@@@@@@...........................................................@@@@@@@@@@@@@@@@@@@@.@@@@@....................@@@@@@@@@@@@@.....................@@@@@@
@@@@@@@@.......@@@@@@@@@..............@@@@@@@@@@@@..................................................@@@@@@@@@@@........................................................@.@@@@@@@@@@@@@..................................@@@@@@@@@.@......................@@@@@@@
@@@@@@@@@@@@..@@@@@@@@@..............@@@@@@@@@@@@@@@@................................................@@@@@@@@@@.......................................................@@@T@@@@@@@.........................................@@@@@@.........................@@@@@@.
@@@@@@@@@@@@@@@@@@@@@@...............@@@@@@@@@@@@@@@@@@@@............................................@@@@@@@@@@.......................................................@@@@@@@@@@@.......................................................................@@@@@@@.
@@@@@@@@@@@@@@@@@@@@@@..............@@@@@@@@@@@@@@@@@@@@@@@...........................................@@@@@@@@@......................................................@@@@@@@@@@@...............................................................@.........@@@@@..
@@@@@@@@@@@@@@@@@@@@@@..............@@@@@@@@@@@@@@@@@@@@@@............................................@@@@@@@@@.......................................................@@@@@@@@@...............................................................@@@@........@@@@..
@@@@@@@@@@@@@@@@@@@@@..............@@@@@@@@@@@@@@@@@@@@@@@............................................@@@@@@@@@......................................................@@@@@@.@...........@.....................................................@@@@@......@@@@@..
....@@@@@@@@@@@@@@@@...............@@@@@@@@@@@@@@@@@@@@@@..............................................@@@@@@@@.....................................................@@@@@@..........@..@@@.....................@............................@@@@@@.....@.@@@@...
......@@@@@@@@@@@@@@..............@@@@@@@@@@@@@@@@@@@@@@@@@.............................................@@@@@@.....................................................@@@@@@..........@@@@@@@@...................@@@...........................@@@@@@....@@@@@@@...
.........@@@@@@@@@@...............@@@@@@@@@@@@@@@@@@@@@@@@@@@............................................@@@@......................................................@@@@@@............@@@@@@@.................@@@@@@.....................@@@@@@@@@.....@@@@@@....
.............@@@@@..................@@@@@@@@@@@@@@@@@@@@@@@@@@@...........................................@@........................................................@@@@@@..........@@@@@@@@@...............@@@@@@@@..................@.@@@@@@@@@.....@@@@@@....
.................@....................@@@@@@@@@@@@@@@@@@@@@@@@@@@...................................................................................................@@@@@@@@........@@@@@@@@@@..............@@@@@@@...................@@@@@@@..@.....@@@@@@.....
........................................@@@@@@@@@@@@@@@@@@@@@@@@@@@..................................................................................................@@@@@@@@......@@@@@@@@@@..............@@@@@@@@................@.@@@@@@@.........@@@@@@.....
...........................................@@@@@@@@@@@@@@@@@@@@@@@@@@.................................................................................................@@@@@@@@......@@@@@@@@..............@@@@@@@@.................@@@T@@@@@.......@@TT@@@......
....................................@........@@@@@@@@@@@@@@@@@@@@@@@@@@..............................................................................................@@@@@@@@@@......@@@@@@..............@@@@@@@@.................@@@@@@.@@........@@@@TT@......
...................................@@@..........@@@@@@@@@@@@@@@@@@@@@@@@@.............................................................................................@@@@@@@@@@......@@@@@.............@@@@@@@@..................@@@@@...........@@@@@@@.......
...................................@@@............@@@@@@@@@@@@@@@@@@@@@@@@@.............................................................................................@T@@@@@........@@@.............@@@@@@@@@.................@@@@@@............@@@@@@.......
..................................@@@...............@@@@@@@@@@@@@@@@@@@@@@@@@............................................................................................@@@@@@@........@..............@@@@@@@@.............@....@@@@@............@@@@@@........
..................................@@@.................@@@@@@@@@@@@@@@@@@@@@@@@@...........................................................................................@@@@@@@@....................@@@@@@@@.............@@@@...@@@@.........@..@@@@@@........
@@@@...............................@.......@............@@@@@@@@@@@@@@@@@@@@@@@@@..........................................................................................@@@@@@@..................@@@@@@@@@.............@@@@@@@...@.........@@@@@@@@@.........
@@@@......................................@@@.............@@@@@@@@@@@@@@@@@@@@@@@@@..........................................................................................@@@@@.................@@@@@@@.@..............@@@@@@@@............@@@@@@@@..........
@@@@....................................@@@@@...............@@@@@@@@@@@@@@@@@@@@@@@@@......................................................................................@.@@@@@................@@@@@@@@...............@@@@@@@@............@@@@@@@@@..........
@@@@..................................@@@@@@@@................@@@@@@@@@@@@@@@@@@@@@@@@@................................................................@@.................@@@@@@@@................@@@@@@@@.................@@@@@@............@@@@@@@............
....................................@@@@@@@@@@@.................@@@@@@@@@@@@@@@@@@@@@@@@@.............................................................@@@@@...............@@@@@@@...............@.@@@@@@@....................@@.............@@@@@@@@............
..................................@@@@@@@@@@@@....................@@@@@@@@@@@@@@@@@@@@@@@@@......................@@................................@.@@@@@@@.@...........@@@@@@@...............@@@@@@@@@......................@..............@@@@@@.............
...................................@@@@@@@@@@@@.....................@@@@@@@@@@@@@@@@@@@@@@@@@...................@@@...............................@@@@@@@@@@@@@..........@@@@@@@@.............@@@@@@@@@@.......................................@@@@.............
....................................@@@@@@@@@@@@........@.............@@@@@@@@@@@@@@@@@@@@@@@@@................@@@@@..............................@@@@@@@@@@@@@@.......@.@@@@@@@..............@@@@@@@@@..............@...........................@..............
....................................@@@@@@@@@@@@........@@..............@@@@@@@@@@@@@@@@@@@@@@..................@@@@@............................@@@@@@@@@@@@@@@@@....@@@@@@@@@@...........@.@@@@@@@@@..............@@@@........................................
.....................................@@@@@@@@@@@@......@@@@@..............@@@@@@@@@@@@@@@@@@@@................@@@@@@@@...........................@@@@@@@.@@@@@@@@@@...@@@@@@@@@...........@@@@@@@@@@@...............@@@@@@......................................
.....................................@@@@@@@@@@@@......@@@@@@@..............@@@@@@@@@@@@@@@@@@...@@..........@@@@@@@@@@.........................@@@@@@@...@@@@@@@@@@.@@@@@@@@@...........@@@@@@@@@@@...............@@@@@@.......................................
.....................................@@@@@@@@@@@@@.....@@@@@@@@@..............@@@@@@@@@@@@@@@@...@@@.......@@@@@@@@@@@@@.......................@@@@@@@@....@@@@@@@@@@@@@@@@@.............@@@@@@@@@@...............@@@@@@@.......................................
@@@@@@@@@@@@@@@@@@@@@@@@@@@@@.........@@@@@@@@@@@@......@@@@@@@@@@..............@@@@@@@@@@@@@...@@@@@@....@@@@@@@@@@@@@@@.....................@@@@@@T@......@@@@@@@@@@@@@@@.............@@@@@@..@@.................@@@@@.....................................@@.
@@@@@@@@@@@@@@@@@@@@@@@@@@@@@.........@@@@@@@@@@@@@.....@@@@@@@@@@@@..............@@@@@@@@@@@...@@@@@@@@@...@@@@@@@@@@@@@......................@@@@@@.........@@@@@@@@@@@@@............@@@@@@@@...................@@@@@@.....................................@@@
@@@@@@@@@@@@@@@@@@@@@@@@@@@@@..........@@@@@@@@@@@......@@@@@@@@@@@@@@.....@@....@@@@@@@@@@@....@@@@@@@@@@@..@@@@@@@@@@@@@....................@@@@@@...........@.@@@@@@@.@............@@@@@@@@......................@@@................@....................@@@@
@@@@@@@@@@@@@@@@@@@@@@@@@@@@@..........@@@@@@@@@@@@.....@@@@@@@@@@@@@@@@...@@@@@.@@@@T@@@@@@....@@@@@@@@@@....@@@@@@@@@@@@@..................@@@@@@@...............@@@@..............@@@@@@@@.........................@................@@@@.................@@@@
@@@@@@@@@@@@@@@@@@@@@@@@@@@@@@@.........@@@@@@@@@@@.......@@@@@@@@@@@@@@@@@@@@@@@@@@@@@T@@@@...@@@@@@@@@@@.....@@@@@@@@@@@@@.................@@@@@@.................@@..............@@@@@@@@.......................@..................@@@@@@@..............@@@@@
@@@@@@@@@@@@@@@@@@@@@@@@@@@@@@@.........@@@@@@@@@@@@........@@@@@@@@@@@@@@@@@@@@@@@@@@@@@@@@@..@@@@@@@@@@......@@@@@@@@@@@@@@...............@@@@@@.................................@@@@@@@@................@@......@@@..................@@@@@@@............@@@@@
